<html>
<body>
<pre>
<h1>µVision Build Log</h1>
<h2>Project:</h2>
E:\New\Schule\Malacarne\Projektarbeit\3D_cube_vektoren\Code\Keil - Kopie\3DENGINE.uvprojx
Project File Date:  12/03/2015

<h2>Output:</h2>
Rebuild target 'Target 1'
compiling Main.c...
assembling startup_stm32f10x_cl.s...
compiling system_stm32f10x.c...
linking...
Program Size: Code=12016 RO-data=656 RW-data=1732 ZI-data=1636  
FromELF: creating hex file...
".\Objects\3DENGINE.axf" - 0 Error(s), 0 Warning(s).

<h2>Software Packages used:</h2>

Package Vendor: ARM
                http://www.keil.com/pack/ARM.CMSIS.3.20.4.pack
                ARM::CMSIS:CORE:3.20.0
                Cortex Microcontroller Software Interface Standard (CMSIS) CORE, DSP, RTOS, Driver
   * Component: CORE Version: 3.20.0

Package Vendor: Keil
                http://www.keil.com/pack/Keil.STM32F1xx_DFP.1.0.5.pack
                Keil::Device:Startup:1.0.0
                STMicroelectronics STM32F1 Series Device Support, Drivers and Examples
   * Component: Startup Version: 1.0.0

<h2>Collection of Component include folders:</h2>
  E:\New\Schule\Malacarne\Projektarbeit\3D_cube_vektoren\Code\Keil - Kopie\RTE
  E:\New\Schule\Malacarne\Projektarbeit\3D_cube_vektoren\Code\Keil - Kopie\RTE\Device\STM32F107VC
  C:\Keil_v5\ARM\PACK\ARM\CMSIS\3.20.4\CMSIS\Include
  C:\Keil_v5\ARM\PACK\Keil\STM32F1xx_DFP\1.0.5\Device\Include

<h2>Collection of Component Files used:</h2>

   * Component: ARM::CMSIS:CORE:3.20.0

   * Component: Keil::Device:Startup:1.0.0
      Source file:   Device\Source\ARM\STM32F1xx_OPT.s
      Source file:   Device\Source\ARM\startup_stm32f10x_cl.s
      Source file:   Device\Source\system_stm32f10x.c
      Include file:  RTE_Driver\Config\RTE_Device.h
Load "E:\\New\\Schule\\Malacarne\\Projektarbeit\\3D_cube_vektoren\\Code\\Keil - Kopie\\Objects\\3DENGINE.axf" 
Erase Done.
Programming Done.
Verify OK.
Application running ...
</pre>
</body>
</html>
