Product: MDK-ARM Lite 5.10
Component: ARM Compiler 5.04 update 1 (build 49)
Tool: armlink [5040049]

==============================================================================

Section Cross References

    main.o(i.Linie) refers to main.o(i.sgn) for sgn
    main.o(i.Linie) refers to touchgrafik.o(i.plotDot) for plotDot
    main.o(i.Vektor) refers to sin.o(i.sin) for sin
    main.o(i.Vektor) refers to dmul.o(x$fpl$dmul) for __aeabi_dmul
    main.o(i.Vektor) refers to cos.o(i.cos) for cos
    main.o(i.Vektor) refers to daddsub_clz.o(x$fpl$dsub) for __aeabi_dsub
    main.o(i.Vektor) refers to daddsub_clz.o(x$fpl$dadd) for __aeabi_dadd
    main.o(i.Vektor) refers to main.o(.data) for Figur
    main.o(i.main) refers to touchgrafik.o(i.InitTouchScreen) for InitTouchScreen
    main.o(i.main) refers to touchgrafik.o(i.clearScreen) for clearScreen
    main.o(i.main) refers to main.o(i.Vektor) for Vektor
    main.o(i.main) refers to main.o(i.pixel) for pixel
    main.o(i.main) refers to main.o(i.delay) for delay
    main.o(i.main) refers to daddsub_clz.o(x$fpl$dadd) for __aeabi_dadd
    main.o(i.main) refers to dleqf.o(x$fpl$dleqf) for __aeabi_cdcmple
    main.o(i.main) refers to main.o(.data) for Zeit
    main.o(i.pixel) refers to dfix.o(x$fpl$dfix) for __aeabi_d2iz
    main.o(i.pixel) refers to main.o(i.Linie) for Linie
    main.o(i.pixel) refers to main.o(.data) for Vektor_2_y
    startup_stm32f10x_cl.o(STACK) refers (Special) to heapauxi.o(.text) for __use_two_region_memory
    startup_stm32f10x_cl.o(HEAP) refers (Special) to heapauxi.o(.text) for __use_two_region_memory
    startup_stm32f10x_cl.o(RESET) refers (Special) to heapauxi.o(.text) for __use_two_region_memory
    startup_stm32f10x_cl.o(RESET) refers to startup_stm32f10x_cl.o(STACK) for __initial_sp
    startup_stm32f10x_cl.o(RESET) refers to startup_stm32f10x_cl.o(.text) for Reset_Handler
    startup_stm32f10x_cl.o(.text) refers (Special) to heapauxi.o(.text) for __use_two_region_memory
    startup_stm32f10x_cl.o(.text) refers to system_stm32f10x.o(i.SystemInit) for SystemInit
    startup_stm32f10x_cl.o(.text) refers to __main.o(!!!main) for __main
    startup_stm32f10x_cl.o(.text) refers to startup_stm32f10x_cl.o(HEAP) for Heap_Mem
    startup_stm32f10x_cl.o(.text) refers to startup_stm32f10x_cl.o(STACK) for Stack_Mem
    system_stm32f10x.o(i.SetSysClock) refers to system_stm32f10x.o(i.SetSysClockTo72) for SetSysClockTo72
    system_stm32f10x.o(i.SystemCoreClockUpdate) refers to system_stm32f10x.o(.data) for SystemCoreClock
    system_stm32f10x.o(i.SystemInit) refers to system_stm32f10x.o(i.SetSysClock) for SetSysClock
    touchgrafik.o(i.GLCD_SetCursor) refers to touchgrafik.o(i.GLCD_Write_Command) for GLCD_Write_Command
    touchgrafik.o(i.GLCD_SetCursor) refers to touchgrafik.o(i.GLCD_Write_Data) for GLCD_Write_Data
    touchgrafik.o(i.GLCD_SetX) refers to touchgrafik.o(i.GLCD_Write_Command) for GLCD_Write_Command
    touchgrafik.o(i.GLCD_SetX) refers to touchgrafik.o(i.GLCD_Write_Data) for GLCD_Write_Data
    touchgrafik.o(i.GLCD_SetY) refers to touchgrafik.o(i.GLCD_Write_Command) for GLCD_Write_Command
    touchgrafik.o(i.GLCD_SetY) refers to touchgrafik.o(i.GLCD_Write_Data) for GLCD_Write_Data
    touchgrafik.o(i.GLCD_Write_Command) refers to stm32f10x_gpio.o(i.GPIO_WriteBit) for GPIO_WriteBit
    touchgrafik.o(i.GLCD_Write_Command) refers to stm32f10x_spi.o(i.SPI_I2S_SendData) for SPI_I2S_SendData
    touchgrafik.o(i.GLCD_Write_Command) refers to stm32f10x_spi.o(i.SPI_I2S_GetFlagStatus) for SPI_I2S_GetFlagStatus
    touchgrafik.o(i.GLCD_Write_Data) refers to stm32f10x_gpio.o(i.GPIO_WriteBit) for GPIO_WriteBit
    touchgrafik.o(i.GLCD_Write_Data) refers to stm32f10x_spi.o(i.SPI_I2S_SendData) for SPI_I2S_SendData
    touchgrafik.o(i.GLCD_Write_Data) refers to stm32f10x_spi.o(i.SPI_I2S_GetFlagStatus) for SPI_I2S_GetFlagStatus
    touchgrafik.o(i.GLCD_Write_Data16) refers to touchgrafik.o(i.GLCD_Write_Data) for GLCD_Write_Data
    touchgrafik.o(i.Get_Status_Touch) refers to stm32f10x_gpio.o(i.GPIO_ReadInputDataBit) for GPIO_ReadInputDataBit
    touchgrafik.o(i.InitTouchScreen) refers to touchgrafik.o(i.Initial_GLCD_Hardware) for Initial_GLCD_Hardware
    touchgrafik.o(i.InitTouchScreen) refers to touchgrafik.o(i.Initial_GLCD_Vertikal) for Initial_GLCD_Vertikal
    touchgrafik.o(i.InitTouchScreen) refers to touchgrafik.o(.data) for An
    touchgrafik.o(i.Initial_GLCD_Hardware) refers to stm32f10x_rcc.o(i.RCC_APB2PeriphClockCmd) for RCC_APB2PeriphClockCmd
    touchgrafik.o(i.Initial_GLCD_Hardware) refers to stm32f10x_gpio.o(i.GPIO_Init) for GPIO_Init
    touchgrafik.o(i.Initial_GLCD_Hardware) refers to stm32f10x_gpio.o(i.GPIO_WriteBit) for GPIO_WriteBit
    touchgrafik.o(i.Initial_GLCD_Hardware) refers to stm32f10x_gpio.o(i.GPIO_PinRemapConfig) for GPIO_PinRemapConfig
[...]
    libinit.o(.ARM.Collect$$libinit$$00000000) refers (Special) to libinit2.o(.ARM.Collect$$libinit$$0000002A) for __rt_lib_init_argv_1
    libinit.o(.ARM.Collect$$libinit$$00000000) refers (Special) to libinit2.o(.ARM.Collect$$libinit$$00000019) for __rt_lib_init_atexit_1
    libinit.o(.ARM.Collect$$libinit$$00000000) refers (Special) to libinit2.o(.ARM.Collect$$libinit$$0000001F) for __rt_lib_init_clock_1
    libinit.o(.ARM.Collect$$libinit$$00000000) refers (Special) to libinit2.o(.ARM.Collect$$libinit$$00000030) for __rt_lib_init_cpp_1
    libinit.o(.ARM.Collect$$libinit$$00000000) refers (Special) to libinit2.o(.ARM.Collect$$libinit$$0000002E) for __rt_lib_init_exceptions_1
    libinit.o(.ARM.Collect$$libinit$$00000000) refers (Special) to libinit2.o(.ARM.Collect$$libinit$$00000002) for __rt_lib_init_fp_1
    libinit.o(.ARM.Collect$$libinit$$00000000) refers (Special) to libinit2.o(.ARM.Collect$$libinit$$0000001D) for __rt_lib_init_fp_trap_1
    libinit.o(.ARM.Collect$$libinit$$00000000) refers (Special) to libinit2.o(.ARM.Collect$$libinit$$00000021) for __rt_lib_init_getenv_1
    libinit.o(.ARM.Collect$$libinit$$00000000) refers (Special) to libinit2.o(.ARM.Collect$$libinit$$00000008) for __rt_lib_init_heap_1
    libinit.o(.ARM.Collect$$libinit$$00000000) refers (Special) to libinit2.o(.ARM.Collect$$libinit$$0000000F) for __rt_lib_init_lc_collate_1
    libinit.o(.ARM.Collect$$libinit$$00000000) refers (Special) to libinit2.o(.ARM.Collect$$libinit$$00000011) for __rt_lib_init_lc_ctype_1
    libinit.o(.ARM.Collect$$libinit$$00000000) refers (Special) to libinit2.o(.ARM.Collect$$libinit$$00000013) for __rt_lib_init_lc_monetary_1
    libinit.o(.ARM.Collect$$libinit$$00000000) refers (Special) to libinit2.o(.ARM.Collect$$libinit$$00000015) for __rt_lib_init_lc_numeric_1
    libinit.o(.ARM.Collect$$libinit$$00000000) refers (Special) to libinit2.o(.ARM.Collect$$libinit$$00000017) for __rt_lib_init_lc_time_1
    libinit.o(.ARM.Collect$$libinit$$00000000) refers (Special) to libinit2.o(.ARM.Collect$$libinit$$0000000C) for __rt_lib_init_rand_1
    libinit.o(.ARM.Collect$$libinit$$00000000) refers (Special) to libinit2.o(.ARM.Collect$$libinit$$00000031) for __rt_lib_init_return
    libinit.o(.ARM.Collect$$libinit$$00000000) refers (Special) to libinit2.o(.ARM.Collect$$libinit$$0000001B) for __rt_lib_init_signal_1
    libinit.o(.ARM.Collect$$libinit$$00000000) refers (Special) to libinit2.o(.ARM.Collect$$libinit$$00000023) for __rt_lib_init_stdio_1
    libinit.o(.ARM.Collect$$libinit$$00000000) refers (Special) to libinit2.o(.ARM.Collect$$libinit$$0000000A) for __rt_lib_init_user_alloc_1
    retnan.o(x$fpl$retnan) refers (Special) to usenofp.o(x$fpl$usenofp) for __I$use$fp
    retnan.o(x$fpl$retnan) refers to trapv.o(x$fpl$trapveneer) for __fpl_cmpreturn
    rtexit.o(.ARM.Collect$$rtexit$$00000000) refers (Special) to rtexit2.o(.ARM.Collect$$rtexit$$00000004) for __rt_exit_exit
    rtexit.o(.ARM.Collect$$rtexit$$00000000) refers (Special) to rtexit2.o(.ARM.Collect$$rtexit$$00000003) for __rt_exit_ls
    rtexit.o(.ARM.Collect$$rtexit$$00000000) refers (Special) to rtexit2.o(.ARM.Collect$$rtexit$$00000002) for __rt_exit_prels_1
    rtexit.o(.ARM.exidx) refers (Special) to rtexit2.o(.ARM.Collect$$rtexit$$00000004) for __rt_exit_exit
    rtexit.o(.ARM.exidx) refers (Special) to rtexit2.o(.ARM.Collect$$rtexit$$00000003) for __rt_exit_ls
    rtexit.o(.ARM.exidx) refers (Special) to rtexit2.o(.ARM.Collect$$rtexit$$00000002) for __rt_exit_prels_1
    rtexit.o(.ARM.exidx) refers to rtexit.o(.ARM.Collect$$rtexit$$00000000) for .ARM.Collect$$rtexit$$00000000
    libinit2.o(.ARM.Collect$$libinit$$0000000E) refers to libinit2.o(.ARM.Collect$$libinit$$0000000D) for .ARM.Collect$$libinit$$0000000D
    libinit2.o(.ARM.Collect$$libinit$$00000010) refers to libinit2.o(.ARM.Collect$$libinit$$0000000D) for .ARM.Collect$$libinit$$0000000D
    libinit2.o(.ARM.Collect$$libinit$$00000012) refers to libinit2.o(.ARM.Collect$$libinit$$0000000D) for .ARM.Collect$$libinit$$0000000D
    libinit2.o(.ARM.Collect$$libinit$$00000014) refers to libinit2.o(.ARM.Collect$$libinit$$0000000D) for .ARM.Collect$$libinit$$0000000D
    libinit2.o(.ARM.Collect$$libinit$$00000016) refers to libinit2.o(.ARM.Collect$$libinit$$0000000D) for .ARM.Collect$$libinit$$0000000D
    libinit2.o(.ARM.Collect$$libinit$$00000024) refers to argv_veneer.o(.emb_text) for __ARM_argv_veneer
    libinit2.o(.ARM.Collect$$libinit$$00000025) refers to argv_veneer.o(.emb_text) for __ARM_argv_veneer
    trapv.o(x$fpl$trapveneer) refers (Special) to usenofp.o(x$fpl$usenofp) for __I$use$fp
    rtexit2.o(.ARM.Collect$$rtexit$$00000003) refers to libshutdown.o(.ARM.Collect$$libshutdown$$00000000) for __rt_lib_shutdown
    rtexit2.o(.ARM.Collect$$rtexit$$00000004) refers to sys_exit.o(.text) for _sys_exit
    rtexit2.o(.ARM.exidx) refers to rtexit2.o(.ARM.Collect$$rtexit$$00000001) for .ARM.Collect$$rtexit$$00000001
    rtexit2.o(.ARM.exidx) refers to rtexit2.o(.ARM.Collect$$rtexit$$00000003) for .ARM.Collect$$rtexit$$00000003
    rtexit2.o(.ARM.exidx) refers to rtexit2.o(.ARM.Collect$$rtexit$$00000004) for .ARM.Collect$$rtexit$$00000004
    argv_veneer.o(.emb_text) refers to no_argv.o(.text) for __ARM_get_argv
    sys_exit.o(.text) refers (Special) to use_no_semi.o(.text) for __I$use$semihosting
    sys_exit.o(.text) refers (Special) to indicate_semi.o(.text) for __semihosting_library_function
    _get_argv_nomalloc.o(.text) refers (Special) to hrguard.o(.text) for __heap_region$guard
    _get_argv_nomalloc.o(.text) refers to defsig_rtmem_outer.o(.text) for __rt_SIGRTMEM
    _get_argv_nomalloc.o(.text) refers to sys_command.o(.text) for _sys_command_string
    libshutdown.o(.ARM.Collect$$libshutdown$$00000000) refers (Special) to libshutdown2.o(.ARM.Collect$$libshutdown$$00000006) for __rt_lib_shutdown_fp_trap_1
    libshutdown.o(.ARM.Collect$$libshutdown$$00000000) refers (Special) to libshutdown2.o(.ARM.Collect$$libshutdown$$0000000E) for __rt_lib_shutdown_heap_1
    libshutdown.o(.ARM.Collect$$libshutdown$$00000000) refers (Special) to libshutdown2.o(.ARM.Collect$$libshutdown$$0000000F) for __rt_lib_shutdown_return
    libshutdown.o(.ARM.Collect$$libshutdown$$00000000) refers (Special) to libshutdown2.o(.ARM.Collect$$libshutdown$$00000009) for __rt_lib_shutdown_signal_1
    libshutdown.o(.ARM.Collect$$libshutdown$$00000000) refers (Special) to libshutdown2.o(.ARM.Collect$$libshutdown$$00000003) for __rt_lib_shutdown_stdio_1
    libshutdown.o(.ARM.Collect$$libshutdown$$00000000) refers (Special) to libshutdown2.o(.ARM.Collect$$libshutdown$$0000000B) for __rt_lib_shutdown_user_alloc_1
    sys_command.o(.text) refers (Special) to use_no_semi.o(.text) for __I$use$semihosting
    sys_command.o(.text) refers (Special) to indicate_semi.o(.text) for __semihosting_library_function
    defsig_rtmem_outer.o(.text) refers to defsig_rtmem_inner.o(.text) for __rt_SIGRTMEM_inner
    defsig_rtmem_outer.o(.text) refers to defsig_exit.o(.text) for __sig_exit
    defsig_rtmem_formal.o(.text) refers to rt_raise.o(.text) for __rt_raise
    rt_raise.o(.text) refers to __raise.o(.text) for __raise
    rt_raise.o(.text) refers to sys_exit.o(.text) for _sys_exit
    defsig_exit.o(.text) refers to sys_exit.o(.text) for _sys_exit
    defsig_rtmem_inner.o(.text) refers to defsig_general.o(.text) for __default_signal_display
    __raise.o(.text) refers to defsig.o(CL$$defsig) for __default_signal_handler
    defsig_general.o(.text) refers to sys_wrch.o(.text) for _ttywrch
    sys_wrch.o(.text) refers (Special) to use_no_semi.o(.text) for __I$use$semihosting
    sys_wrch.o(.text) refers (Special) to indicate_semi.o(.text) for __semihosting_library_function
    defsig.o(CL$$defsig) refers to defsig_rtmem_inner.o(.text) for __rt_SIGRTMEM_inner
    defsig_abrt_inner.o(.text) refers to defsig_general.o(.text) for __default_signal_display
    defsig_fpe_inner.o(.text) refers to defsig_general.o(.text) for __default_signal_display
    defsig_rtred_inner.o(.text) refers to defsig_general.o(.text) for __default_signal_display
    defsig_stak_inner.o(.text) refers to defsig_general.o(.text) for __default_signal_display
    defsig_pvfn_inner.o(.text) refers to defsig_general.o(.text) for __default_signal_display
    defsig_cppl_inner.o(.text) refers to defsig_general.o(.text) for __default_signal_display
    defsig_segv_inner.o(.text) refers to defsig_general.o(.text) for __default_signal_display
    defsig_other.o(.text) refers to defsig_general.o(.text) for __default_signal_display


==============================================================================

Removing Unused input sections from the image.

    Removing main.o(.rev16_text), (4 bytes).
    Removing main.o(.revsh_text), (4 bytes).
    Removing system_stm32f10x.o(.rev16_text), (4 bytes).
    Removing system_stm32f10x.o(.revsh_text), (4 bytes).
    Removing system_stm32f10x.o(i.SystemCoreClockUpdate), (256 bytes).
    Removing system_stm32f10x.o(.data), (20 bytes).
    Removing touchgrafik.o(.rev16_text), (4 bytes).
    Removing touchgrafik.o(.revsh_text), (4 bytes).
    Removing touchgrafik.o(i.GLCD_SetX), (24 bytes).
    Removing touchgrafik.o(i.GLCD_SetY), (24 bytes).
    Removing touchgrafik.o(i.Get_Status_Touch), (28 bytes).
    Removing touchgrafik.o(i.TCS_Average_X_Y), (208 bytes).
    Removing touchgrafik.o(i.TCS_SPI_ReadPos), (144 bytes).
    Removing touchgrafik.o(i.TCS_SPI_Write), (100 bytes).
    Removing touchgrafik.o(i.TCS_Set_Matrix_Ver), (480 bytes).
    Removing touchgrafik.o(i.Touch_Calibrate_Ver), (820 bytes).
    Removing touchgrafik.o(i.bg_color), (38 bytes).
    Removing touchgrafik.o(i.circle), (340 bytes).
    Removing touchgrafik.o(i.dec_to_ascii), (64 bytes).
    Removing touchgrafik.o(i.ellipse), (1312 bytes).
    Removing touchgrafik.o(i.getTSCtouched), (28 bytes).
    Removing touchgrafik.o(i.getTSCx), (12 bytes).
    Removing touchgrafik.o(i.getTSCxy), (244 bytes).
    Removing touchgrafik.o(i.getTSCy), (12 bytes).
    Removing touchgrafik.o(i.lcd_icon_Ver), (352 bytes).
    Removing touchgrafik.o(i.lcd_print3Cha_Ver), (70 bytes).
    Removing touchgrafik.o(i.lcd_printStr_Ver), (52 bytes).
    Removing touchgrafik.o(i.line), (300 bytes).
    Removing touchgrafik.o(i.plot_mark_Ver), (92 bytes).
    Removing touchgrafik.o(i.plot_picture_Hor), (106 bytes).
    Removing touchgrafik.o(i.plot_picture_Ver), (108 bytes).
    Removing touchgrafik.o(i.plot_tab_Ver), (52 bytes).
    Removing touchgrafik.o(i.rectan), (182 bytes).
    Removing touchgrafik.o(i.setScreenDir), (12 bytes).
    Removing touchgrafik.o(i.text_7x11), (232 bytes).
    Removing touchgrafik.o(i.textxy), (52 bytes).
    Removing touchgrafik.o(.bss), (824 bytes).
    Removing touchgrafik.o(.constdata), (1840 bytes).
    Removing stm32f10x_gpio.o(.rev16_text), (4 bytes).
    Removing stm32f10x_gpio.o(.revsh_text), (4 bytes).
    Removing stm32f10x_gpio.o(i.GPIO_AFIODeInit), (20 bytes).
    Removing stm32f10x_gpio.o(i.GPIO_DeInit), (200 bytes).
    Removing stm32f10x_gpio.o(i.GPIO_ETH_MediaInterfaceConfig), (12 bytes).
    Removing stm32f10x_gpio.o(i.GPIO_EXTILineConfig), (64 bytes).
    Removing stm32f10x_gpio.o(i.GPIO_EventOutputCmd), (12 bytes).
    Removing stm32f10x_gpio.o(i.GPIO_EventOutputConfig), (32 bytes).
    Removing stm32f10x_gpio.o(i.GPIO_PinLockConfig), (18 bytes).
    Removing stm32f10x_gpio.o(i.GPIO_ReadInputData), (8 bytes).
    Removing stm32f10x_gpio.o(i.GPIO_ReadInputDataBit), (18 bytes).
    Removing stm32f10x_gpio.o(i.GPIO_ReadOutputData), (8 bytes).
    Removing stm32f10x_gpio.o(i.GPIO_ReadOutputDataBit), (18 bytes).
    Removing stm32f10x_gpio.o(i.GPIO_ResetBits), (4 bytes).
    Removing stm32f10x_gpio.o(i.GPIO_StructInit), (16 bytes).
    Removing stm32f10x_gpio.o(i.GPIO_Write), (4 bytes).
    Removing stm32f10x_rcc.o(.rev16_text), (4 bytes).
    Removing stm32f10x_rcc.o(.revsh_text), (4 bytes).
    Removing stm32f10x_rcc.o(i.RCC_ADCCLKConfig), (24 bytes).
    Removing stm32f10x_rcc.o(i.RCC_AHBPeriphClockCmd), (32 bytes).
    Removing stm32f10x_rcc.o(i.RCC_AHBPeriphResetCmd), (32 bytes).
    Removing stm32f10x_rcc.o(i.RCC_AdjustHSICalibrationValue), (24 bytes).
    Removing stm32f10x_rcc.o(i.RCC_BackupResetCmd), (12 bytes).
    Removing stm32f10x_rcc.o(i.RCC_ClearFlag), (20 bytes).
    Removing stm32f10x_rcc.o(i.RCC_ClearITPendingBit), (12 bytes).
    Removing stm32f10x_rcc.o(i.RCC_ClockSecuritySystemCmd), (12 bytes).
    Removing stm32f10x_rcc.o(i.RCC_DeInit), (92 bytes).
    Removing stm32f10x_rcc.o(i.RCC_GetClocksFreq), (400 bytes).
    Removing stm32f10x_rcc.o(i.RCC_GetFlagStatus), (60 bytes).
    Removing stm32f10x_rcc.o(i.RCC_GetITStatus), (24 bytes).
    Removing stm32f10x_rcc.o(i.RCC_GetSYSCLKSource), (16 bytes).
    Removing stm32f10x_rcc.o(i.RCC_HCLKConfig), (24 bytes).
    Removing stm32f10x_rcc.o(i.RCC_HSEConfig), (76 bytes).
    Removing stm32f10x_rcc.o(i.RCC_HSICmd), (12 bytes).
    Removing stm32f10x_rcc.o(i.RCC_I2S2CLKConfig), (12 bytes).
    Removing stm32f10x_rcc.o(i.RCC_I2S3CLKConfig), (12 bytes).
    Removing stm32f10x_rcc.o(i.RCC_ITConfig), (32 bytes).
    Removing stm32f10x_rcc.o(i.RCC_LSEConfig), (52 bytes).
    Removing stm32f10x_rcc.o(i.RCC_LSICmd), (12 bytes).
    Removing stm32f10x_rcc.o(i.RCC_MCOConfig), (12 bytes).
    Removing stm32f10x_rcc.o(i.RCC_OTGFSCLKConfig), (12 bytes).
    Removing stm32f10x_rcc.o(i.RCC_PCLK1Config), (24 bytes).
    Removing stm32f10x_rcc.o(i.RCC_PCLK2Config), (24 bytes).
    Removing stm32f10x_rcc.o(i.RCC_PLL2Cmd), (12 bytes).
    Removing stm32f10x_rcc.o(i.RCC_PLL2Config), (24 bytes).
    Removing stm32f10x_rcc.o(i.RCC_PLL3Cmd), (12 bytes).
    Removing stm32f10x_rcc.o(i.RCC_PLL3Config), (24 bytes).
    Removing stm32f10x_rcc.o(i.RCC_PLLCmd), (12 bytes).
    Removing stm32f10x_rcc.o(i.RCC_PLLConfig), (28 bytes).
    Removing stm32f10x_rcc.o(i.RCC_PREDIV1Config), (32 bytes).
    Removing stm32f10x_rcc.o(i.RCC_PREDIV2Config), (24 bytes).
    Removing stm32f10x_rcc.o(i.RCC_RTCCLKCmd), (12 bytes).
    Removing stm32f10x_rcc.o(i.RCC_RTCCLKConfig), (16 bytes).
    Removing stm32f10x_rcc.o(i.RCC_SYSCLKConfig), (24 bytes).
    Removing stm32f10x_rcc.o(i.RCC_WaitForHSEStartUp), (56 bytes).
    Removing stm32f10x_rcc.o(.data), (20 bytes).
    Removing stm32f10x_spi.o(.rev16_text), (4 bytes).
    Removing stm32f10x_spi.o(.revsh_text), (4 bytes).
    Removing stm32f10x_spi.o(i.I2S_Cmd), (24 bytes).
    Removing stm32f10x_spi.o(i.I2S_Init), (304 bytes).
    Removing stm32f10x_spi.o(i.I2S_StructInit), (20 bytes).
    Removing stm32f10x_spi.o(i.SPI_BiDirectionalLineConfig), (28 bytes).
    Removing stm32f10x_spi.o(i.SPI_CalculateCRC), (24 bytes).
    Removing stm32f10x_spi.o(i.SPI_DataSizeConfig), (18 bytes).
    Removing stm32f10x_spi.o(i.SPI_GetCRC), (16 bytes).
    Removing stm32f10x_spi.o(i.SPI_GetCRCPolynomial), (6 bytes).
    Removing stm32f10x_spi.o(i.SPI_I2S_ClearFlag), (6 bytes).
    Removing stm32f10x_spi.o(i.SPI_I2S_ClearITPendingBit), (20 bytes).
    Removing stm32f10x_spi.o(i.SPI_I2S_DMACmd), (18 bytes).
    Removing stm32f10x_spi.o(i.SPI_I2S_GetITStatus), (52 bytes).
    Removing stm32f10x_spi.o(i.SPI_I2S_ITConfig), (32 bytes).
    Removing stm32f10x_spi.o(i.SPI_I2S_ReceiveData), (6 bytes).
    Removing stm32f10x_spi.o(i.SPI_NSSInternalSoftwareConfig), (30 bytes).
    Removing stm32f10x_spi.o(i.SPI_SSOutputCmd), (24 bytes).
    Removing stm32f10x_spi.o(i.SPI_StructInit), (24 bytes).
    Removing stm32f10x_spi.o(i.SPI_TransmitCRC), (10 bytes).

114 unused section(s) (total 10932 bytes) removed from the image.

==============================================================================

Image Symbol Table

    Local Symbols

    Symbol Name                              Value     Ov Type        Size  Object(Section)

    ../clib/angel/boardlib.s                 0x00000000   Number         0  boardshut.o ABSOLUTE
    ../clib/angel/boardlib.s                 0x00000000   Number         0  boardinit1.o ABSOLUTE
    ../clib/angel/boardlib.s                 0x00000000   Number         0  boardinit2.o ABSOLUTE
    ../clib/angel/boardlib.s                 0x00000000   Number         0  boardinit3.o ABSOLUTE
    ../clib/angel/dczerorl2.s                0x00000000   Number         0  __dczerorl2.o ABSOLUTE
    ../clib/angel/handlers.s                 0x00000000   Number         0  __scatter_zi.o ABSOLUTE
    ../clib/angel/kernel.s                   0x00000000   Number         0  rtentry2.o ABSOLUTE
    ../clib/angel/kernel.s                   0x00000000   Number         0  rtexit2.o ABSOLUTE
    ../clib/angel/kernel.s                   0x00000000   Number         0  rtentry4.o ABSOLUTE
    ../clib/angel/kernel.s                   0x00000000   Number         0  rtentry.o ABSOLUTE
    ../clib/angel/kernel.s                   0x00000000   Number         0  rtexit.o ABSOLUTE
    ../clib/angel/rt.s                       0x00000000   Number         0  rt_errno_addr.o ABSOLUTE
    ../clib/angel/rt.s                       0x00000000   Number         0  rt_errno_addr_intlibspace.o ABSOLUTE
    ../clib/angel/rt.s                       0x00000000   Number         0  rt_raise.o ABSOLUTE
    ../clib/angel/scatter.s                  0x00000000   Number         0  __scatter.o ABSOLUTE
    ../clib/angel/startup.s                  0x00000000   Number         0  __main.o ABSOLUTE
    ../clib/angel/sys.s                      0x00000000   Number         0  use_no_semi.o ABSOLUTE
    ../clib/angel/sys.s                      0x00000000   Number         0  sys_stackheap_outer.o ABSOLUTE
    ../clib/angel/sys.s                      0x00000000   Number         0  indicate_semi.o ABSOLUTE
    ../clib/angel/sys.s                      0x00000000   Number         0  libspace.o ABSOLUTE
    ../clib/angel/sysapp.c                   0x00000000   Number         0  sys_exit.o ABSOLUTE
    ../clib/angel/sysapp.c                   0x00000000   Number         0  sys_wrch.o ABSOLUTE
    ../clib/angel/sysapp.c                   0x00000000   Number         0  sys_command.o ABSOLUTE
    ../clib/armsys.c                         0x00000000   Number         0  argv_veneer.o ABSOLUTE
    ../clib/armsys.c                         0x00000000   Number         0  argv_veneer.o ABSOLUTE
    ../clib/armsys.c                         0x00000000   Number         0  no_argv.o ABSOLUTE
    ../clib/armsys.c                         0x00000000   Number         0  _get_argv_nomalloc.o ABSOLUTE
    ../clib/fenv.c                           0x00000000   Number         0  _rserrno.o ABSOLUTE
    ../clib/heapalloc.c                      0x00000000   Number         0  hrguard.o ABSOLUTE
    ../clib/heapaux.c                        0x00000000   Number         0  heapauxi.o ABSOLUTE
    ../clib/libinit.s                        0x00000000   Number         0  libshutdown.o ABSOLUTE
    ../clib/libinit.s                        0x00000000   Number         0  libinit2.o ABSOLUTE
    ../clib/libinit.s                        0x00000000   Number         0  libshutdown2.o ABSOLUTE
    ../clib/libinit.s                        0x00000000   Number         0  libinit.o ABSOLUTE
    ../clib/signal.c                         0x00000000   Number         0  defsig_rtmem_formal.o ABSOLUTE
    ../clib/signal.c                         0x00000000   Number         0  defsig_pvfn_inner.o ABSOLUTE
    ../clib/signal.c                         0x00000000   Number         0  defsig_fpe_inner.o ABSOLUTE
    ../clib/signal.c                         0x00000000   Number         0  defsig_abrt_inner.o ABSOLUTE
    ../clib/signal.c                         0x00000000   Number         0  defsig_cppl_inner.o ABSOLUTE
    ../clib/signal.c                         0x00000000   Number         0  defsig_other.o ABSOLUTE
    ../clib/signal.c                         0x00000000   Number         0  __raise.o ABSOLUTE
    ../clib/signal.c                         0x00000000   Number         0  defsig_rtmem_inner.o ABSOLUTE
    ../clib/signal.c                         0x00000000   Number         0  defsig_segv_inner.o ABSOLUTE
    ../clib/signal.c                         0x00000000   Number         0  defsig_rtmem_outer.o ABSOLUTE
    ../clib/signal.c                         0x00000000   Number         0  defsig_stak_inner.o ABSOLUTE
    ../clib/signal.c                         0x00000000   Number         0  defsig_rtred_inner.o ABSOLUTE
    ../clib/signal.c                         0x00000000   Number         0  defsig_general.o ABSOLUTE
    ../clib/signal.c                         0x00000000   Number         0  defsig_exit.o ABSOLUTE
    ../clib/signal.s                         0x00000000   Number         0  defsig.o ABSOLUTE
    ../clib/stdlib.c                         0x00000000   Number         0  exit.o ABSOLUTE
    ../fplib/daddsub.s                       0x00000000   Number         0  daddsub_clz.o ABSOLUTE
    ../fplib/dcheck1.s                       0x00000000   Number         0  dcheck1.o ABSOLUTE
    ../fplib/dcmpi.s                         0x00000000   Number         0  dcmpi.o ABSOLUTE
    ../fplib/ddiv.s                          0x00000000   Number         0  ddiv.o ABSOLUTE
    ../fplib/dfix.s                          0x00000000   Number         0  dfix.o ABSOLUTE
    ../fplib/dflt.s                          0x00000000   Number         0  dflt_clz.o ABSOLUTE
    ../fplib/dleqf.s                         0x00000000   Number         0  dleqf.o ABSOLUTE
    ../fplib/dmul.s                          0x00000000   Number         0  dmul.o ABSOLUTE
    ../fplib/dnaninf.s                       0x00000000   Number         0  dnaninf.o ABSOLUTE
    ../fplib/dretinf.s                       0x00000000   Number         0  dretinf.o ABSOLUTE
    ../fplib/faddsub.s                       0x00000000   Number         0  faddsub_clz.o ABSOLUTE
    ../fplib/fcmpi.s                         0x00000000   Number         0  fcmpi.o ABSOLUTE
    ../fplib/fflt.s                          0x00000000   Number         0  fflt_clz.o ABSOLUTE
    ../fplib/fleqf.s                         0x00000000   Number         0  fleqf.o ABSOLUTE
    ../fplib/fmul.s                          0x00000000   Number         0  fmul.o ABSOLUTE
    ../fplib/fnaninf.s                       0x00000000   Number         0  fnaninf.o ABSOLUTE
    ../fplib/fpinit.s                        0x00000000   Number         0  fpinit.o ABSOLUTE
    ../fplib/fretinf.s                       0x00000000   Number         0  fretinf.o ABSOLUTE
    ../fplib/frleqf.s                        0x00000000   Number         0  frleqf.o ABSOLUTE
    ../fplib/retnan.s                        0x00000000   Number         0  retnan.o ABSOLUTE
    ../fplib/scalbn.s                        0x00000000   Number         0  scalbn.o ABSOLUTE
    ../fplib/trapv.s                         0x00000000   Number         0  trapv.o ABSOLUTE
    ../fplib/usenofp.s                       0x00000000   Number         0  usenofp.o ABSOLUTE
    ../mathlib/cos.c                         0x00000000   Number         0  cos.o ABSOLUTE
    ../mathlib/cos.c                         0x00000000   Number         0  cos_x.o ABSOLUTE
    ../mathlib/cos_i.c                       0x00000000   Number         0  cos_i.o ABSOLUTE
    ../mathlib/dunder.c                      0x00000000   Number         0  dunder.o ABSOLUTE
    ../mathlib/fpclassify.c                  0x00000000   Number         0  fpclassify.o ABSOLUTE
    ../mathlib/poly.c                        0x00000000   Number         0  poly.o ABSOLUTE
    ../mathlib/rred.c                        0x00000000   Number         0  rred.o ABSOLUTE
    ../mathlib/sin.c                         0x00000000   Number         0  sin.o ABSOLUTE
    ../mathlib/sin.c                         0x00000000   Number         0  sin_x.o ABSOLUTE
    ../mathlib/sin_i.c                       0x00000000   Number         0  sin_i_x.o ABSOLUTE
    ../mathlib/sin_i.c                       0x00000000   Number         0  sin_i.o ABSOLUTE
    C:\Keil_v5\ARM\PACK\Keil\STM32F1xx_DFP\1.0.5\Device\StdPeriph_Driver\src\stm32f10x_gpio.c 0x00000000   Number         0  stm32f10x_gpio.o ABSOLUTE
    C:\Keil_v5\ARM\PACK\Keil\STM32F1xx_DFP\1.0.5\Device\StdPeriph_Driver\src\stm32f10x_rcc.c 0x00000000   Number         0  stm32f10x_rcc.o ABSOLUTE
    C:\Keil_v5\ARM\PACK\Keil\STM32F1xx_DFP\1.0.5\Device\StdPeriph_Driver\src\stm32f10x_spi.c 0x00000000   Number         0  stm32f10x_spi.o ABSOLUTE
    C:\\Keil_v5\\ARM\\PACK\\Keil\\STM32F1xx_DFP\\1.0.5\\Device\\StdPeriph_Driver\\src\\stm32f10x_gpio.c 0x00000000   Number         0  stm32f10x_gpio.o ABSOLUTE
    C:\\Keil_v5\\ARM\\PACK\\Keil\\STM32F1xx_DFP\\1.0.5\\Device\\StdPeriph_Driver\\src\\stm32f10x_rcc.c 0x00000000   Number         0  stm32f10x_rcc.o ABSOLUTE
    C:\\Keil_v5\\ARM\\PACK\\Keil\\STM32F1xx_DFP\\1.0.5\\Device\\StdPeriph_Driver\\src\\stm32f10x_spi.c 0x00000000   Number         0  stm32f10x_spi.o ABSOLUTE
    Main.c                                   0x00000000   Number         0  main.o ABSOLUTE
    Main.c                                   0x00000000   Number         0  main.o ABSOLUTE
    RTE\Device\STM32F107VC\startup_stm32f10x_cl.s 0x00000000   Number         0  startup_stm32f10x_cl.o ABSOLUTE
    RTE\Device\STM32F107VC\system_stm32f10x.c 0x00000000   Number         0  system_stm32f10x.o ABSOLUTE
    RTE\\Device\\STM32F107VC\\system_stm32f10x.c 0x00000000   Number         0  system_stm32f10x.o ABSOLUTE
    TouchGrafik.c                            0x00000000   Number         0  touchgrafik.o ABSOLUTE
    TouchGrafik.c                            0x00000000   Number         0  touchgrafik.o ABSOLUTE
    dc.s                                     0x00000000   Number         0  dc.o ABSOLUTE
    RESET                                    0x08000000   Section      336  startup_stm32f10x_cl.o(RESET)
    !!!main                                  0x08000150   Section        8  __main.o(!!!main)
    !!!scatter                               0x08000158   Section       52  __scatter.o(!!!scatter)
    !!dczerorl2                              0x0800018c   Section       90  __dczerorl2.o(!!dczerorl2)
    !!handler_zi                             0x080001e8   Section       28  __scatter_zi.o(!!handler_zi)
    .ARM.Collect$$libinit$$00000000          0x08000204   Section        2  libinit.o(.ARM.Collect$$libinit$$00000000)
    .ARM.Collect$$libinit$$00000002          0x08000206   Section        0  libinit2.o(.ARM.Collect$$libinit$$00000002)
    .ARM.Collect$$libinit$$00000008          0x08000206   Section        0  libinit2.o(.ARM.Collect$$libinit$$00000008)
    .ARM.Collect$$libinit$$0000000A          0x08000206   Section        0  libinit2.o(.ARM.Collect$$libinit$$0000000A)
    .ARM.Collect$$libinit$$0000000C          0x08000206   Section        0  libinit2.o(.ARM.Collect$$libinit$$0000000C)
    .ARM.Collect$$libinit$$0000000F          0x08000206   Section        0  libinit2.o(.ARM.Collect$$libinit$$0000000F)
    .ARM.Collect$$libinit$$00000011          0x08000206   Section        0  libinit2.o(.ARM.Collect$$libinit$$00000011)
    .ARM.Collect$$libinit$$00000013          0x08000206   Section        0  libinit2.o(.ARM.Collect$$libinit$$00000013)
    .ARM.Collect$$libinit$$00000015          0x08000206   Section        0  libinit2.o(.ARM.Collect$$libinit$$00000015)
    .ARM.Collect$$libinit$$00000017          0x08000206   Section        0  libinit2.o(.ARM.Collect$$libinit$$00000017)
    .ARM.Collect$$libinit$$00000019          0x08000206   Section        0  libinit2.o(.ARM.Collect$$libinit$$00000019)
    .ARM.Collect$$libinit$$0000001B          0x08000206   Section        0  libinit2.o(.ARM.Collect$$libinit$$0000001B)
    .ARM.Collect$$libinit$$0000001D          0x08000206   Section        0  libinit2.o(.ARM.Collect$$libinit$$0000001D)
    .ARM.Collect$$libinit$$0000001F          0x08000206   Section        0  libinit2.o(.ARM.Collect$$libinit$$0000001F)
    .ARM.Collect$$libinit$$00000021          0x08000206   Section        0  libinit2.o(.ARM.Collect$$libinit$$00000021)
    .ARM.Collect$$libinit$$00000023          0x08000206   Section        0  libinit2.o(.ARM.Collect$$libinit$$00000023)
    .ARM.Collect$$libinit$$0000002A          0x08000206   Section        0  libinit2.o(.ARM.Collect$$libinit$$0000002A)
    .ARM.Collect$$libinit$$0000002C          0x08000206   Section        0  libinit2.o(.ARM.Collect$$libinit$$0000002C)
    .ARM.Collect$$libinit$$0000002E          0x08000206   Section        0  libinit2.o(.ARM.Collect$$libinit$$0000002E)
    .ARM.Collect$$libinit$$00000030          0x08000206   Section        0  libinit2.o(.ARM.Collect$$libinit$$00000030)
    .ARM.Collect$$libinit$$00000031          0x08000206   Section        2  libinit2.o(.ARM.Collect$$libinit$$00000031)
    .ARM.Collect$$libshutdown$$00000000      0x08000208   Section        2  libshutdown.o(.ARM.Collect$$libshutdown$$00000000)
    .ARM.Collect$$libshutdown$$00000003      0x0800020a   Section        0  libshutdown2.o(.ARM.Collect$$libshutdown$$00000003)
    .ARM.Collect$$libshutdown$$00000006      0x0800020a   Section        0  libshutdown2.o(.ARM.Collect$$libshutdown$$00000006)
    .ARM.Collect$$libshutdown$$00000009      0x0800020a   Section        0  libshutdown2.o(.ARM.Collect$$libshutdown$$00000009)
    .ARM.Collect$$libshutdown$$0000000B      0x0800020a   Section        0  libshutdown2.o(.ARM.Collect$$libshutdown$$0000000B)
    .ARM.Collect$$libshutdown$$0000000E      0x0800020a   Section        0  libshutdown2.o(.ARM.Collect$$libshutdown$$0000000E)
    .ARM.Collect$$libshutdown$$0000000F      0x0800020a   Section        2  libshutdown2.o(.ARM.Collect$$libshutdown$$0000000F)
    .ARM.Collect$$rtentry$$00000000          0x0800020c   Section        0  rtentry.o(.ARM.Collect$$rtentry$$00000000)
    .ARM.Collect$$rtentry$$00000002          0x0800020c   Section        0  rtentry2.o(.ARM.Collect$$rtentry$$00000002)
    .ARM.Collect$$rtentry$$00000004          0x0800020c   Section        6  rtentry4.o(.ARM.Collect$$rtentry$$00000004)
    .ARM.Collect$$rtentry$$00000009          0x08000212   Section        0  rtentry2.o(.ARM.Collect$$rtentry$$00000009)
    .ARM.Collect$$rtentry$$0000000A          0x08000212   Section        4  rtentry2.o(.ARM.Collect$$rtentry$$0000000A)
    .ARM.Collect$$rtentry$$0000000C          0x08000216   Section        0  rtentry2.o(.ARM.Collect$$rtentry$$0000000C)
    .ARM.Collect$$rtentry$$0000000D          0x08000216   Section        8  rtentry2.o(.ARM.Collect$$rtentry$$0000000D)
    .ARM.Collect$$rtexit$$00000000           0x0800021e   Section        2  rtexit.o(.ARM.Collect$$rtexit$$00000000)
    .ARM.Collect$$rtexit$$00000002           0x08000220   Section        0  rtexit2.o(.ARM.Collect$$rtexit$$00000002)
    .ARM.Collect$$rtexit$$00000003           0x08000220   Section        4  rtexit2.o(.ARM.Collect$$rtexit$$00000003)
    .ARM.Collect$$rtexit$$00000004           0x08000224   Section        6  rtexit2.o(.ARM.Collect$$rtexit$$00000004)
    .text                                    0x0800022c   Section       64  startup_stm32f10x_cl.o(.text)
    .text                                    0x0800026c   Section        0  heapauxi.o(.text)
    .text                                    0x08000272   Section        0  _rserrno.o(.text)
    .text                                    0x08000288   Section        8  rt_errno_addr_intlibspace.o(.text)
    .text                                    0x08000290   Section        8  libspace.o(.text)
    .text                                    0x08000298   Section       74  sys_stackheap_outer.o(.text)
    .text                                    0x080002e2   Section        0  exit.o(.text)
    .text                                    0x080002f0   Section        0  sys_exit.o(.text)
    .text                                    0x080002fc   Section        2  use_no_semi.o(.text)
    .text                                    0x080002fe   Section        0  indicate_semi.o(.text)
    i.GLCD_SetCursor                         0x080002fe   Section        0  touchgrafik.o(i.GLCD_SetCursor)
    i.GLCD_Write_Command                     0x0800032c   Section        0  touchgrafik.o(i.GLCD_Write_Command)
    i.GLCD_Write_Data                        0x080003d0   Section        0  touchgrafik.o(i.GLCD_Write_Data)
    i.GLCD_Write_Data16                      0x08000474   Section        0  touchgrafik.o(i.GLCD_Write_Data16)
    i.GPIO_Init                              0x08000488   Section        0  stm32f10x_gpio.o(i.GPIO_Init)
    i.GPIO_PinRemapConfig                    0x080005a0   Section        0  stm32f10x_gpio.o(i.GPIO_PinRemapConfig)
    i.GPIO_SetBits                           0x08000630   Section        0  stm32f10x_gpio.o(i.GPIO_SetBits)
    i.GPIO_WriteBit                          0x08000634   Section        0  stm32f10x_gpio.o(i.GPIO_WriteBit)
    i.InitTouchScreen                        0x08000640   Section        0  touchgrafik.o(i.InitTouchScreen)
    i.Initial_GLCD_Hardware                  0x080006ac   Section        0  touchgrafik.o(i.Initial_GLCD_Hardware)
    i.Initial_GLCD_Vertikal                  0x08000864   Section        0  touchgrafik.o(i.Initial_GLCD_Vertikal)
    i.Linie                                  0x08000b4c   Section        0  main.o(i.Linie)
    i.RCC_APB1PeriphClockCmd                 0x08000c18   Section        0  stm32f10x_rcc.o(i.RCC_APB1PeriphClockCmd)
    i.RCC_APB1PeriphResetCmd                 0x08000c38   Section        0  stm32f10x_rcc.o(i.RCC_APB1PeriphResetCmd)
    i.RCC_APB2PeriphClockCmd                 0x08000c58   Section        0  stm32f10x_rcc.o(i.RCC_APB2PeriphClockCmd)
    i.RCC_APB2PeriphResetCmd                 0x08000c78   Section        0  stm32f10x_rcc.o(i.RCC_APB2PeriphResetCmd)
    i.SPI_Cmd                                0x08000c98   Section        0  stm32f10x_spi.o(i.SPI_Cmd)
    i.SPI_I2S_DeInit                         0x08000cb0   Section        0  stm32f10x_spi.o(i.SPI_I2S_DeInit)
    i.SPI_I2S_GetFlagStatus                  0x08000d08   Section        0  stm32f10x_spi.o(i.SPI_I2S_GetFlagStatus)
    i.SPI_I2S_SendData                       0x08000d1a   Section        0  stm32f10x_spi.o(i.SPI_I2S_SendData)
    i.SPI_Init                               0x08000d1e   Section        0  stm32f10x_spi.o(i.SPI_Init)
    i.SetSysClock                            0x08000d5a   Section        0  system_stm32f10x.o(i.SetSysClock)
    SetSysClock                              0x08000d5b   Thumb Code     8  system_stm32f10x.o(i.SetSysClock)
    i.SetSysClockTo72                        0x08000d64   Section        0  system_stm32f10x.o(i.SetSysClockTo72)
    SetSysClockTo72                          0x08000d65   Thumb Code   264  system_stm32f10x.o(i.SetSysClockTo72)
    i.SystemInit                             0x08000e7c   Section        0  system_stm32f10x.o(i.SystemInit)
    i.Vektor                                 0x08000ee8   Section        0  main.o(i.Vektor)
    i.__ARM_fpclassify                       0x080014a0   Section        0  fpclassify.o(i.__ARM_fpclassify)
    i.__ieee754_rem_pio2                     0x080014c8   Section        0  rred.o(i.__ieee754_rem_pio2)
    i.__kernel_cos                           0x08001850   Section        0  cos_i.o(i.__kernel_cos)
    i.__kernel_poly                          0x0800194c   Section        0  poly.o(i.__kernel_poly)
    i.__kernel_sin                           0x080019f8   Section        0  sin_i.o(i.__kernel_sin)
    i.__mathlib_dbl_underflow                0x08001ae4   Section        0  dunder.o(i.__mathlib_dbl_underflow)
    i.clearScreen                            0x08001af4   Section        0  touchgrafik.o(i.clearScreen)
    i.cos                                    0x08001b0c   Section        0  cos.o(i.cos)
    i.delay                                  0x08001bb8   Section        0  main.o(i.delay)
    i.getScreenDir                           0x08001bcc   Section        0  touchgrafik.o(i.getScreenDir)
    i.main                                   0x08001bd8   Section        0  main.o(i.main)
    i.pixel                                  0x08001d58   Section        0  main.o(i.pixel)
    i.plotDot                                0x080024bc   Section        0  touchgrafik.o(i.plotDot)
    i.plotFilledRect                         0x080024f4   Section        0  touchgrafik.o(i.plotFilledRect)
    i.sgn                                    0x08002552   Section        0  main.o(i.sgn)
    i.sin                                    0x08002560   Section        0  sin.o(i.sin)
    x$fpl$dadd                               0x08002610   Section      336  daddsub_clz.o(x$fpl$dadd)
    _dadd1                                   0x08002621   Thumb Code     0  daddsub_clz.o(x$fpl$dadd)
    x$fpl$dcheck1                            0x08002760   Section       16  dcheck1.o(x$fpl$dcheck1)
    x$fpl$dcmpinf                            0x08002770   Section       24  dcmpi.o(x$fpl$dcmpinf)
    x$fpl$ddiv                               0x08002788   Section      688  ddiv.o(x$fpl$ddiv)
    ddiv_entry                               0x0800278f   Thumb Code     0  ddiv.o(x$fpl$ddiv)
    x$fpl$dfix                               0x08002a38   Section       94  dfix.o(x$fpl$dfix)
    x$fpl$dflt                               0x08002a96   Section       46  dflt_clz.o(x$fpl$dflt)
    x$fpl$dfltu                              0x08002ac4   Section       38  dflt_clz.o(x$fpl$dfltu)
    x$fpl$dleqf                              0x08002aec   Section      120  dleqf.o(x$fpl$dleqf)
    x$fpl$dmul                               0x08002b64   Section      340  dmul.o(x$fpl$dmul)
    x$fpl$dnaninf                            0x08002cb8   Section      156  dnaninf.o(x$fpl$dnaninf)
    x$fpl$dretinf                            0x08002d54   Section       12  dretinf.o(x$fpl$dretinf)
    x$fpl$drsb                               0x08002d60   Section       22  daddsub_clz.o(x$fpl$drsb)
    x$fpl$dsub                               0x08002d78   Section      468  daddsub_clz.o(x$fpl$dsub)
    _dsub1                                   0x08002d89   Thumb Code     0  daddsub_clz.o(x$fpl$dsub)
    x$fpl$retnan                             0x08002f4c   Section      100  retnan.o(x$fpl$retnan)
    x$fpl$scalbn                             0x08002fb0   Section       92  scalbn.o(x$fpl$scalbn)
    x$fpl$trapveneer                         0x0800300c   Section       48  trapv.o(x$fpl$trapveneer)
    x$fpl$usenofp                            0x0800303c   Section        0  usenofp.o(x$fpl$usenofp)
    .constdata                               0x08003040   Section       48  cos_i.o(.constdata)
    C                                        0x08003040   Data          48  cos_i.o(.constdata)
    .constdata                               0x08003070   Section      200  rred.o(.constdata)
    pio2s                                    0x08003070   Data          48  rred.o(.constdata)
    twooverpi                                0x080030a0   Data         152  rred.o(.constdata)
    .constdata                               0x08003138   Section       40  sin_i.o(.constdata)
    S                                        0x08003138   Data          40  sin_i.o(.constdata)
    .data                                    0x20000000   Section     1648  main.o(.data)
    .data                                    0x20000670   Section       84  touchgrafik.o(.data)
    .bss                                     0x200006c4   Section       96  libspace.o(.bss)
    HEAP                                     0x20000728   Section      512  startup_stm32f10x_cl.o(HEAP)
    Heap_Mem                                 0x20000728   Data         512  startup_stm32f10x_cl.o(HEAP)
    STACK                                    0x20000928   Section     1024  startup_stm32f10x_cl.o(STACK)
    Stack_Mem                                0x20000928   Data        1024  startup_stm32f10x_cl.o(STACK)
    __initial_sp                             0x20000d28   Data           0  startup_stm32f10x_cl.o(STACK)

    Global Symbols

    Symbol Name                              Value     Ov Type        Size  Object(Section)

    BuildAttributes$$THM_ISAv4$P$D$K$B$S$PE$A:L22UL41UL21$X:L11$S22US41US21$IEEE1$IW$USESV6$~STKCKD$USESV7$~SHL$OTIME$ROPI$IEEEX$EBA8$UX$STANDARDLIB$REQ8$PRES8$EABIv2 0x00000000   Number         0  anon$$obj.o ABSOLUTE
    __ARM_use_no_argv                        0x00000000   Number         0  main.o ABSOLUTE
    __ARM_exceptions_init                     - Undefined Weak Reference
    __alloca_initialize                       - Undefined Weak Reference
    __cpp_initialize__aeabi_                  - Undefined Weak Reference
    __cxa_finalize                            - Undefined Weak Reference
    __rt_locale                               - Undefined Weak Reference
    __sigvec_lookup                           - Undefined Weak Reference
    _atexit_init                              - Undefined Weak Reference
    _call_atexit_fns                          - Undefined Weak Reference
    _clock_init                               - Undefined Weak Reference
    _fp_trap_init                             - Undefined Weak Reference
    _fp_trap_shutdown                         - Undefined Weak Reference
    _get_lc_collate                           - Undefined Weak Reference
    _get_lc_ctype                             - Undefined Weak Reference
    _get_lc_monetary                          - Undefined Weak Reference
    _get_lc_numeric                           - Undefined Weak Reference
    _get_lc_time                              - Undefined Weak Reference
    _getenv_init                              - Undefined Weak Reference
    _handle_redirection                       - Undefined Weak Reference
    _init_alloc                               - Undefined Weak Reference
    _init_user_alloc                          - Undefined Weak Reference
    _initio                                   - Undefined Weak Reference
    _rand_init                                - Undefined Weak Reference
    _signal_finish                            - Undefined Weak Reference
    _signal_init                              - Undefined Weak Reference
    _terminate_alloc                          - Undefined Weak Reference
    _terminate_user_alloc                     - Undefined Weak Reference
    _terminateio                              - Undefined Weak Reference
    __Vectors_Size                           0x00000150   Number         0  startup_stm32f10x_cl.o ABSOLUTE
    __Vectors                                0x08000000   Data           4  startup_stm32f10x_cl.o(RESET)
    __Vectors_End                            0x08000150   Data           0  startup_stm32f10x_cl.o(RESET)
    __main                                   0x08000151   Thumb Code     8  __main.o(!!!main)
    __scatterload                            0x08000159   Thumb Code     0  __scatter.o(!!!scatter)
    __scatterload_rt2                        0x08000159   Thumb Code    44  __scatter.o(!!!scatter)
    __scatterload_rt2_thumb_only             0x08000159   Thumb Code     0  __scatter.o(!!!scatter)
    __scatterload_null                       0x08000167   Thumb Code     0  __scatter.o(!!!scatter)
    __decompress                             0x0800018d   Thumb Code    90  __dczerorl2.o(!!dczerorl2)
    __decompress1                            0x0800018d   Thumb Code     0  __dczerorl2.o(!!dczerorl2)
    __scatterload_zeroinit                   0x080001e9   Thumb Code    28  __scatter_zi.o(!!handler_zi)
    __rt_lib_init                            0x08000205   Thumb Code     0  libinit.o(.ARM.Collect$$libinit$$00000000)
    __rt_lib_init_alloca_1                   0x08000207   Thumb Code     0  libinit2.o(.ARM.Collect$$libinit$$0000002C)
    __rt_lib_init_argv_1                     0x08000207   Thumb Code     0  libinit2.o(.ARM.Collect$$libinit$$0000002A)
    __rt_lib_init_atexit_1                   0x08000207   Thumb Code     0  libinit2.o(.ARM.Collect$$libinit$$00000019)
    __rt_lib_init_clock_1                    0x08000207   Thumb Code     0  libinit2.o(.ARM.Collect$$libinit$$0000001F)
    __rt_lib_init_cpp_1                      0x08000207   Thumb Code     0  libinit2.o(.ARM.Collect$$libinit$$00000030)
    __rt_lib_init_exceptions_1               0x08000207   Thumb Code     0  libinit2.o(.ARM.Collect$$libinit$$0000002E)
    __rt_lib_init_fp_1                       0x08000207   Thumb Code     0  libinit2.o(.ARM.Collect$$libinit$$00000002)
    __rt_lib_init_fp_trap_1                  0x08000207   Thumb Code     0  libinit2.o(.ARM.Collect$$libinit$$0000001D)
    __rt_lib_init_getenv_1                   0x08000207   Thumb Code     0  libinit2.o(.ARM.Collect$$libinit$$00000021)
    __rt_lib_init_heap_1                     0x08000207   Thumb Code     0  libinit2.o(.ARM.Collect$$libinit$$00000008)
    __rt_lib_init_lc_collate_1               0x08000207   Thumb Code     0  libinit2.o(.ARM.Collect$$libinit$$0000000F)
    __rt_lib_init_lc_ctype_1                 0x08000207   Thumb Code     0  libinit2.o(.ARM.Collect$$libinit$$00000011)
    __rt_lib_init_lc_monetary_1              0x08000207   Thumb Code     0  libinit2.o(.ARM.Collect$$libinit$$00000013)
    __rt_lib_init_lc_numeric_1               0x08000207   Thumb Code     0  libinit2.o(.ARM.Collect$$libinit$$00000015)
    __rt_lib_init_lc_time_1                  0x08000207   Thumb Code     0  libinit2.o(.ARM.Collect$$libinit$$00000017)
    __rt_lib_init_rand_1                     0x08000207   Thumb Code     0  libinit2.o(.ARM.Collect$$libinit$$0000000C)
    __rt_lib_init_return                     0x08000207   Thumb Code     0  libinit2.o(.ARM.Collect$$libinit$$00000031)
    __rt_lib_init_signal_1                   0x08000207   Thumb Code     0  libinit2.o(.ARM.Collect$$libinit$$0000001B)
    __rt_lib_init_stdio_1                    0x08000207   Thumb Code     0  libinit2.o(.ARM.Collect$$libinit$$00000023)
    __rt_lib_init_user_alloc_1               0x08000207   Thumb Code     0  libinit2.o(.ARM.Collect$$libinit$$0000000A)
    __rt_lib_shutdown                        0x08000209   Thumb Code     0  libshutdown.o(.ARM.Collect$$libshutdown$$00000000)
    __rt_lib_shutdown_fp_trap_1              0x0800020b   Thumb Code     0  libshutdown2.o(.ARM.Collect$$libshutdown$$00000006)
    __rt_lib_shutdown_heap_1                 0x0800020b   Thumb Code     0  libshutdown2.o(.ARM.Collect$$libshutdown$$0000000E)
    __rt_lib_shutdown_return                 0x0800020b   Thumb Code     0  libshutdown2.o(.ARM.Collect$$libshutdown$$0000000F)
    __rt_lib_shutdown_signal_1               0x0800020b   Thumb Code     0  libshutdown2.o(.ARM.Collect$$libshutdown$$00000009)
    __rt_lib_shutdown_stdio_1                0x0800020b   Thumb Code     0  libshutdown2.o(.ARM.Collect$$libshutdown$$00000003)
    __rt_lib_shutdown_user_alloc_1           0x0800020b   Thumb Code     0  libshutdown2.o(.ARM.Collect$$libshutdown$$0000000B)
    __rt_entry                               0x0800020d   Thumb Code     0  rtentry.o(.ARM.Collect$$rtentry$$00000000)
    __rt_entry_presh_1                       0x0800020d   Thumb Code     0  rtentry2.o(.ARM.Collect$$rtentry$$00000002)
    __rt_entry_sh                            0x0800020d   Thumb Code     0  rtentry4.o(.ARM.Collect$$rtentry$$00000004)
    __rt_entry_li                            0x08000213   Thumb Code     0  rtentry2.o(.ARM.Collect$$rtentry$$0000000A)
    __rt_entry_postsh_1                      0x08000213   Thumb Code     0  rtentry2.o(.ARM.Collect$$rtentry$$00000009)
    __rt_entry_main                          0x08000217   Thumb Code     0  rtentry2.o(.ARM.Collect$$rtentry$$0000000D)
    __rt_entry_postli_1                      0x08000217   Thumb Code     0  rtentry2.o(.ARM.Collect$$rtentry$$0000000C)
    __rt_exit                                0x0800021f   Thumb Code     0  rtexit.o(.ARM.Collect$$rtexit$$00000000)
    __rt_exit_ls                             0x08000221   Thumb Code     0  rtexit2.o(.ARM.Collect$$rtexit$$00000003)
    __rt_exit_prels_1                        0x08000221   Thumb Code     0  rtexit2.o(.ARM.Collect$$rtexit$$00000002)
    __rt_exit_exit                           0x08000225   Thumb Code     0  rtexit2.o(.ARM.Collect$$rtexit$$00000004)
    Reset_Handler                            0x0800022d   Thumb Code     8  startup_stm32f10x_cl.o(.text)
    NMI_Handler                              0x08000235   Thumb Code     2  startup_stm32f10x_cl.o(.text)
    HardFault_Handler                        0x08000237   Thumb Code     2  startup_stm32f10x_cl.o(.text)
    MemManage_Handler                        0x08000239   Thumb Code     2  startup_stm32f10x_cl.o(.text)
    BusFault_Handler                         0x0800023b   Thumb Code     2  startup_stm32f10x_cl.o(.text)
    UsageFault_Handler                       0x0800023d   Thumb Code     2  startup_stm32f10x_cl.o(.text)
    SVC_Handler                              0x0800023f   Thumb Code     2  startup_stm32f10x_cl.o(.text)
    DebugMon_Handler                         0x08000241   Thumb Code     2  startup_stm32f10x_cl.o(.text)
    PendSV_Handler                           0x08000243   Thumb Code     2  startup_stm32f10x_cl.o(.text)
    SysTick_Handler                          0x08000245   Thumb Code     2  startup_stm32f10x_cl.o(.text)
    ADC1_2_IRQHandler                        0x08000247   Thumb Code     0  startup_stm32f10x_cl.o(.text)
    CAN1_RX0_IRQHandler                      0x08000247   Thumb Code     0  startup_stm32f10x_cl.o(.text)
    CAN1_RX1_IRQHandler                      0x08000247   Thumb Code     0  startup_stm32f10x_cl.o(.text)
    CAN1_SCE_IRQHandler                      0x08000247   Thumb Code     0  startup_stm32f10x_cl.o(.text)
    CAN1_TX_IRQHandler                       0x08000247   Thumb Code     0  startup_stm32f10x_cl.o(.text)
    CAN2_RX0_IRQHandler                      0x08000247   Thumb Code     0  startup_stm32f10x_cl.o(.text)
    CAN2_RX1_IRQHandler                      0x08000247   Thumb Code     0  startup_stm32f10x_cl.o(.text)
    CAN2_SCE_IRQHandler                      0x08000247   Thumb Code     0  startup_stm32f10x_cl.o(.text)
    CAN2_TX_IRQHandler                       0x08000247   Thumb Code     0  startup_stm32f10x_cl.o(.text)
    DMA1_Channel1_IRQHandler                 0x08000247   Thumb Code     0  startup_stm32f10x_cl.o(.text)
    DMA1_Channel2_IRQHandler                 0x08000247   Thumb Code     0  startup_stm32f10x_cl.o(.text)
    DMA1_Channel3_IRQHandler                 0x08000247   Thumb Code     0  startup_stm32f10x_cl.o(.text)
    DMA1_Channel4_IRQHandler                 0x08000247   Thumb Code     0  startup_stm32f10x_cl.o(.text)
    DMA1_Channel5_IRQHandler                 0x08000247   Thumb Code     0  startup_stm32f10x_cl.o(.text)
    DMA1_Channel6_IRQHandler                 0x08000247   Thumb Code     0  startup_stm32f10x_cl.o(.text)
    DMA1_Channel7_IRQHandler                 0x08000247   Thumb Code     0  startup_stm32f10x_cl.o(.text)
    DMA2_Channel1_IRQHandler                 0x08000247   Thumb Code     0  startup_stm32f10x_cl.o(.text)
    DMA2_Channel2_IRQHandler                 0x08000247   Thumb Code     0  startup_stm32f10x_cl.o(.text)
    DMA2_Channel3_IRQHandler                 0x08000247   Thumb Code     0  startup_stm32f10x_cl.o(.text)
    DMA2_Channel4_IRQHandler                 0x08000247   Thumb Code     0  startup_stm32f10x_cl.o(.text)
    DMA2_Channel5_IRQHandler                 0x08000247   Thumb Code     0  startup_stm32f10x_cl.o(.text)
    ETH_IRQHandler                           0x08000247   Thumb Code     0  startup_stm32f10x_cl.o(.text)
    ETH_WKUP_IRQHandler                      0x08000247   Thumb Code     0  startup_stm32f10x_cl.o(.text)
    EXTI0_IRQHandler                         0x08000247   Thumb Code     0  startup_stm32f10x_cl.o(.text)
    EXTI15_10_IRQHandler                     0x08000247   Thumb Code     0  startup_stm32f10x_cl.o(.text)
    EXTI1_IRQHandler                         0x08000247   Thumb Code     0  startup_stm32f10x_cl.o(.text)
    EXTI2_IRQHandler                         0x08000247   Thumb Code     0  startup_stm32f10x_cl.o(.text)
    EXTI3_IRQHandler                         0x08000247   Thumb Code     0  startup_stm32f10x_cl.o(.text)
    EXTI4_IRQHandler                         0x08000247   Thumb Code     0  startup_stm32f10x_cl.o(.text)
    EXTI9_5_IRQHandler                       0x08000247   Thumb Code     0  startup_stm32f10x_cl.o(.text)
    FLASH_IRQHandler                         0x08000247   Thumb Code     0  startup_stm32f10x_cl.o(.text)
    I2C1_ER_IRQHandler                       0x08000247   Thumb Code     0  startup_stm32f10x_cl.o(.text)
    I2C1_EV_IRQHandler                       0x08000247   Thumb Code     0  startup_stm32f10x_cl.o(.text)
    I2C2_ER_IRQHandler                       0x08000247   Thumb Code     0  startup_stm32f10x_cl.o(.text)
    I2C2_EV_IRQHandler                       0x08000247   Thumb Code     0  startup_stm32f10x_cl.o(.text)
    OTG_FS_IRQHandler                        0x08000247   Thumb Code     0  startup_stm32f10x_cl.o(.text)
    OTG_FS_WKUP_IRQHandler                   0x08000247   Thumb Code     0  startup_stm32f10x_cl.o(.text)
    PVD_IRQHandler                           0x08000247   Thumb Code     0  startup_stm32f10x_cl.o(.text)
    RCC_IRQHandler                           0x08000247   Thumb Code     0  startup_stm32f10x_cl.o(.text)
    RTCAlarm_IRQHandler                      0x08000247   Thumb Code     0  startup_stm32f10x_cl.o(.text)
    RTC_IRQHandler                           0x08000247   Thumb Code     0  startup_stm32f10x_cl.o(.text)
    SPI1_IRQHandler                          0x08000247   Thumb Code     0  startup_stm32f10x_cl.o(.text)
    SPI2_IRQHandler                          0x08000247   Thumb Code     0  startup_stm32f10x_cl.o(.text)
    SPI3_IRQHandler                          0x08000247   Thumb Code     0  startup_stm32f10x_cl.o(.text)
    TAMPER_IRQHandler                        0x08000247   Thumb Code     0  startup_stm32f10x_cl.o(.text)
    TIM1_BRK_IRQHandler                      0x08000247   Thumb Code     0  startup_stm32f10x_cl.o(.text)
    TIM1_CC_IRQHandler                       0x08000247   Thumb Code     0  startup_stm32f10x_cl.o(.text)
    TIM1_TRG_COM_IRQHandler                  0x08000247   Thumb Code     0  startup_stm32f10x_cl.o(.text)
    TIM1_UP_IRQHandler                       0x08000247   Thumb Code     0  startup_stm32f10x_cl.o(.text)
    TIM2_IRQHandler                          0x08000247   Thumb Code     0  startup_stm32f10x_cl.o(.text)
    TIM3_IRQHandler                          0x08000247   Thumb Code     0  startup_stm32f10x_cl.o(.text)
    TIM4_IRQHandler                          0x08000247   Thumb Code     0  startup_stm32f10x_cl.o(.text)
    TIM5_IRQHandler                          0x08000247   Thumb Code     0  startup_stm32f10x_cl.o(.text)
    TIM6_IRQHandler                          0x08000247   Thumb Code     0  startup_stm32f10x_cl.o(.text)
    TIM7_IRQHandler                          0x08000247   Thumb Code     0  startup_stm32f10x_cl.o(.text)
    UART4_IRQHandler                         0x08000247   Thumb Code     0  startup_stm32f10x_cl.o(.text)
    UART5_IRQHandler                         0x08000247   Thumb Code     0  startup_stm32f10x_cl.o(.text)
    USART1_IRQHandler                        0x08000247   Thumb Code     0  startup_stm32f10x_cl.o(.text)
    USART2_IRQHandler                        0x08000247   Thumb Code     0  startup_stm32f10x_cl.o(.text)
    USART3_IRQHandler                        0x08000247   Thumb Code     0  startup_stm32f10x_cl.o(.text)
    WWDG_IRQHandler                          0x08000247   Thumb Code     0  startup_stm32f10x_cl.o(.text)
    __user_initial_stackheap                 0x08000249   Thumb Code     0  startup_stm32f10x_cl.o(.text)
    __use_two_region_memory                  0x0800026d   Thumb Code     2  heapauxi.o(.text)
    __rt_heap_escrow$2region                 0x0800026f   Thumb Code     2  heapauxi.o(.text)
    __rt_heap_expand$2region                 0x08000271   Thumb Code     2  heapauxi.o(.text)
    __read_errno                             0x08000273   Thumb Code    10  _rserrno.o(.text)
    __set_errno                              0x0800027d   Thumb Code    12  _rserrno.o(.text)
    __aeabi_errno_addr                       0x08000289   Thumb Code     8  rt_errno_addr_intlibspace.o(.text)
    __errno$intlibspace                      0x08000289   Thumb Code     0  rt_errno_addr_intlibspace.o(.text)
    __rt_errno_addr$intlibspace              0x08000289   Thumb Code     0  rt_errno_addr_intlibspace.o(.text)
    __user_libspace                          0x08000291   Thumb Code     8  libspace.o(.text)
    __user_perproc_libspace                  0x08000291   Thumb Code     0  libspace.o(.text)
    __user_perthread_libspace                0x08000291   Thumb Code     0  libspace.o(.text)
    __user_setup_stackheap                   0x08000299   Thumb Code    74  sys_stackheap_outer.o(.text)
    exit                                     0x080002e3   Thumb Code    12  exit.o(.text)
    _sys_exit                                0x080002f1   Thumb Code     8  sys_exit.o(.text)
    __I$use$semihosting                      0x080002fd   Thumb Code     0  use_no_semi.o(.text)
    __use_no_semihosting_swi                 0x080002fd   Thumb Code     2  use_no_semi.o(.text)
    GLCD_SetCursor                           0x080002ff   Thumb Code    44  touchgrafik.o(i.GLCD_SetCursor)
    __semihosting_library_function           0x080002ff   Thumb Code     0  indicate_semi.o(.text)
    GLCD_Write_Command                       0x0800032d   Thumb Code   142  touchgrafik.o(i.GLCD_Write_Command)
    GLCD_Write_Data                          0x080003d1   Thumb Code   142  touchgrafik.o(i.GLCD_Write_Data)
    GLCD_Write_Data16                        0x08000475   Thumb Code    20  touchgrafik.o(i.GLCD_Write_Data16)
    GPIO_Init                                0x08000489   Thumb Code   278  stm32f10x_gpio.o(i.GPIO_Init)
    GPIO_PinRemapConfig                      0x080005a1   Thumb Code   138  stm32f10x_gpio.o(i.GPIO_PinRemapConfig)
    GPIO_SetBits                             0x08000631   Thumb Code     4  stm32f10x_gpio.o(i.GPIO_SetBits)
    GPIO_WriteBit                            0x08000635   Thumb Code    10  stm32f10x_gpio.o(i.GPIO_WriteBit)
    InitTouchScreen                          0x08000641   Thumb Code    58  touchgrafik.o(i.InitTouchScreen)
    Initial_GLCD_Hardware                    0x080006ad   Thumb Code   418  touchgrafik.o(i.Initial_GLCD_Hardware)
    Initial_GLCD_Vertikal                    0x08000865   Thumb Code   722  touchgrafik.o(i.Initial_GLCD_Vertikal)
    Linie                                    0x08000b4d   Thumb Code   202  main.o(i.Linie)
    RCC_APB1PeriphClockCmd                   0x08000c19   Thumb Code    26  stm32f10x_rcc.o(i.RCC_APB1PeriphClockCmd)
    RCC_APB1PeriphResetCmd                   0x08000c39   Thumb Code    26  stm32f10x_rcc.o(i.RCC_APB1PeriphResetCmd)
    RCC_APB2PeriphClockCmd                   0x08000c59   Thumb Code    26  stm32f10x_rcc.o(i.RCC_APB2PeriphClockCmd)
    RCC_APB2PeriphResetCmd                   0x08000c79   Thumb Code    26  stm32f10x_rcc.o(i.RCC_APB2PeriphResetCmd)
    SPI_Cmd                                  0x08000c99   Thumb Code    24  stm32f10x_spi.o(i.SPI_Cmd)
    SPI_I2S_DeInit                           0x08000cb1   Thumb Code    76  stm32f10x_spi.o(i.SPI_I2S_DeInit)
    SPI_I2S_GetFlagStatus                    0x08000d09   Thumb Code    18  stm32f10x_spi.o(i.SPI_I2S_GetFlagStatus)
    SPI_I2S_SendData                         0x08000d1b   Thumb Code     4  stm32f10x_spi.o(i.SPI_I2S_SendData)
    SPI_Init                                 0x08000d1f   Thumb Code    60  stm32f10x_spi.o(i.SPI_Init)
    SystemInit                               0x08000e7d   Thumb Code    92  system_stm32f10x.o(i.SystemInit)
    Vektor                                   0x08000ee9   Thumb Code  1408  main.o(i.Vektor)
    __ARM_fpclassify                         0x080014a1   Thumb Code    40  fpclassify.o(i.__ARM_fpclassify)
    __ieee754_rem_pio2                       0x080014c9   Thumb Code   830  rred.o(i.__ieee754_rem_pio2)
    __kernel_cos                             0x08001851   Thumb Code   230  cos_i.o(i.__kernel_cos)
    __kernel_poly                            0x0800194d   Thumb Code   170  poly.o(i.__kernel_poly)
    __kernel_sin                             0x080019f9   Thumb Code   224  sin_i.o(i.__kernel_sin)
    __mathlib_dbl_underflow                  0x08001ae5   Thumb Code    10  dunder.o(i.__mathlib_dbl_underflow)
    clearScreen                              0x08001af5   Thumb Code    22  touchgrafik.o(i.clearScreen)
    cos                                      0x08001b0d   Thumb Code   164  cos.o(i.cos)
    delay                                    0x08001bb9   Thumb Code    14  main.o(i.delay)
    getScreenDir                             0x08001bcd   Thumb Code     6  touchgrafik.o(i.getScreenDir)
    main                                     0x08001bd9   Thumb Code   348  main.o(i.main)
    pixel                                    0x08001d59   Thumb Code  1730  main.o(i.pixel)
    plotDot                                  0x080024bd   Thumb Code    52  touchgrafik.o(i.plotDot)
    plotFilledRect                           0x080024f5   Thumb Code    94  touchgrafik.o(i.plotFilledRect)
    sgn                                      0x08002553   Thumb Code    14  main.o(i.sgn)
    sin                                      0x08002561   Thumb Code   166  sin.o(i.sin)
    __aeabi_dadd                             0x08002611   Thumb Code     0  daddsub_clz.o(x$fpl$dadd)
    _dadd                                    0x08002611   Thumb Code   332  daddsub_clz.o(x$fpl$dadd)
    __fpl_dcheck_NaN1                        0x08002761   Thumb Code    10  dcheck1.o(x$fpl$dcheck1)
    __fpl_dcmp_Inf                           0x08002771   Thumb Code    24  dcmpi.o(x$fpl$dcmpinf)
    __aeabi_ddiv                             0x08002789   Thumb Code     0  ddiv.o(x$fpl$ddiv)
    _ddiv                                    0x08002789   Thumb Code   552  ddiv.o(x$fpl$ddiv)
    __aeabi_d2iz                             0x08002a39   Thumb Code     0  dfix.o(x$fpl$dfix)
    _dfix                                    0x08002a39   Thumb Code    94  dfix.o(x$fpl$dfix)
    __aeabi_i2d                              0x08002a97   Thumb Code     0  dflt_clz.o(x$fpl$dflt)
    _dflt                                    0x08002a97   Thumb Code    46  dflt_clz.o(x$fpl$dflt)
    __aeabi_ui2d                             0x08002ac5   Thumb Code     0  dflt_clz.o(x$fpl$dfltu)
    _dfltu                                   0x08002ac5   Thumb Code    38  dflt_clz.o(x$fpl$dfltu)
    __aeabi_cdcmple                          0x08002aed   Thumb Code     0  dleqf.o(x$fpl$dleqf)
    _dcmple                                  0x08002aed   Thumb Code   120  dleqf.o(x$fpl$dleqf)
    __fpl_dcmple_InfNaN                      0x08002b4f   Thumb Code     0  dleqf.o(x$fpl$dleqf)
    __aeabi_dmul                             0x08002b65   Thumb Code     0  dmul.o(x$fpl$dmul)
    _dmul                                    0x08002b65   Thumb Code   332  dmul.o(x$fpl$dmul)
    __fpl_dnaninf                            0x08002cb9   Thumb Code   156  dnaninf.o(x$fpl$dnaninf)
    __fpl_dretinf                            0x08002d55   Thumb Code    12  dretinf.o(x$fpl$dretinf)
    __aeabi_drsub                            0x08002d61   Thumb Code     0  daddsub_clz.o(x$fpl$drsb)
    _drsb                                    0x08002d61   Thumb Code    22  daddsub_clz.o(x$fpl$drsb)
    __aeabi_dsub                             0x08002d79   Thumb Code     0  daddsub_clz.o(x$fpl$dsub)
    _dsub                                    0x08002d79   Thumb Code   464  daddsub_clz.o(x$fpl$dsub)
    __fpl_return_NaN                         0x08002f4d   Thumb Code   100  retnan.o(x$fpl$retnan)
    __ARM_scalbn                             0x08002fb1   Thumb Code    92  scalbn.o(x$fpl$scalbn)
    __fpl_cmpreturn                          0x0800300d   Thumb Code    48  trapv.o(x$fpl$trapveneer)
    __I$use$fp                               0x0800303c   Number         0  usenofp.o(x$fpl$usenofp)
    Region$$Table$$Base                      0x08003160   Number         0  anon$$obj.o(Region$$Table)
    Region$$Table$$Limit                     0x08003180   Number         0  anon$$obj.o(Region$$Table)
    Figur                                    0x20000000   Data        1000  main.o(.data)
    Vektor_1_x                               0x200003e8   Data           8  main.o(.data)
    Vektor_1_y                               0x200003f0   Data           8  main.o(.data)
    Vektor_2_x                               0x200003f8   Data           8  main.o(.data)
    Vektor_2_y                               0x20000400   Data           8  main.o(.data)
    Vektor_3_x                               0x20000408   Data           8  main.o(.data)
    Vektor_3_y                               0x20000410   Data           8  main.o(.data)
    Vektor_4_x                               0x20000418   Data           8  main.o(.data)
    Vektor_4_y                               0x20000420   Data           8  main.o(.data)
    Vektor_5_x                               0x20000428   Data           8  main.o(.data)
    Vektor_5_y                               0x20000430   Data           8  main.o(.data)
    Vektor_6_x                               0x20000438   Data           8  main.o(.data)
    Vektor_6_y                               0x20000440   Data           8  main.o(.data)
    Vektor_7_x                               0x20000448   Data           8  main.o(.data)
    Vektor_7_y                               0x20000450   Data           8  main.o(.data)
    Vektor_8_x                               0x20000458   Data           8  main.o(.data)
    Vektor_8_y                               0x20000460   Data           8  main.o(.data)
    Vektor_9_x                               0x20000468   Data           8  main.o(.data)
    Vektor_9_y                               0x20000470   Data           8  main.o(.data)
    Vektor_10_x                              0x20000478   Data           8  main.o(.data)
    Vektor_10_y                              0x20000480   Data           8  main.o(.data)
    Vektor_11_x                              0x20000488   Data           8  main.o(.data)
    Vektor_11_y                              0x20000490   Data           8  main.o(.data)
    Vektor_12_x                              0x20000498   Data           8  main.o(.data)
    Vektor_12_y                              0x200004a0   Data           8  main.o(.data)
    Vektor_13_x                              0x200004a8   Data           8  main.o(.data)
    Vektor_13_y                              0x200004b0   Data           8  main.o(.data)
    Vektor_14_x                              0x200004b8   Data           8  main.o(.data)
    Vektor_14_y                              0x200004c0   Data           8  main.o(.data)
    Vektor_15_x                              0x200004c8   Data           8  main.o(.data)
    Vektor_15_y                              0x200004d0   Data           8  main.o(.data)
    Vektor_16_x                              0x200004d8   Data           8  main.o(.data)
    Vektor_16_y                              0x200004e0   Data           8  main.o(.data)
    Vektor_17_x                              0x200004e8   Data           8  main.o(.data)
    Vektor_17_y                              0x200004f0   Data           8  main.o(.data)
    Vektor_18_x                              0x200004f8   Data           8  main.o(.data)
    Vektor_18_y                              0x20000500   Data           8  main.o(.data)
    Vektor_19_x                              0x20000508   Data           8  main.o(.data)
    Vektor_19_y                              0x20000510   Data           8  main.o(.data)
    Vektor_20_x                              0x20000518   Data           8  main.o(.data)
    Vektor_20_y                              0x20000520   Data           8  main.o(.data)
    Vektor_21_x                              0x20000528   Data           8  main.o(.data)
    Vektor_21_y                              0x20000530   Data           8  main.o(.data)
    Vektor_22_x                              0x20000538   Data           8  main.o(.data)
    Vektor_22_y                              0x20000540   Data           8  main.o(.data)
    Vektor_23_x                              0x20000548   Data           8  main.o(.data)
    Vektor_23_y                              0x20000550   Data           8  main.o(.data)
    Vektor_24_x                              0x20000558   Data           8  main.o(.data)
    Vektor_24_y                              0x20000560   Data           8  main.o(.data)
    Vektor_25_x                              0x20000568   Data           8  main.o(.data)
    Vektor_25_y                              0x20000570   Data           8  main.o(.data)
    Vektor_26_x                              0x20000578   Data           8  main.o(.data)
    Vektor_26_y                              0x20000580   Data           8  main.o(.data)
    Vektor_27_x                              0x20000588   Data           8  main.o(.data)
    Vektor_27_y                              0x20000590   Data           8  main.o(.data)
    Vektor_28_x                              0x20000598   Data           8  main.o(.data)
    Vektor_28_y                              0x200005a0   Data           8  main.o(.data)
    Vektor_29_x                              0x200005a8   Data           8  main.o(.data)
    Vektor_29_y                              0x200005b0   Data           8  main.o(.data)
    Vektor_30_x                              0x200005b8   Data           8  main.o(.data)
    Vektor_30_y                              0x200005c0   Data           8  main.o(.data)
    Vektor_31_x                              0x200005c8   Data           8  main.o(.data)
    Vektor_31_y                              0x200005d0   Data           8  main.o(.data)
    Vektor_32_x                              0x200005d8   Data           8  main.o(.data)
    Vektor_32_y                              0x200005e0   Data           8  main.o(.data)
    Vektor_33_x                              0x200005e8   Data           8  main.o(.data)
    Vektor_33_y                              0x200005f0   Data           8  main.o(.data)
    Vektor_34_x                              0x200005f8   Data           8  main.o(.data)
    Vektor_34_y                              0x20000600   Data           8  main.o(.data)
    Vektor_35_x                              0x20000608   Data           8  main.o(.data)
    Vektor_35_y                              0x20000610   Data           8  main.o(.data)
    Vektor_36_x                              0x20000618   Data           8  main.o(.data)
    Vektor_36_y                              0x20000620   Data           8  main.o(.data)
    Vektor_37_x                              0x20000628   Data           8  main.o(.data)
    Vektor_37_y                              0x20000630   Data           8  main.o(.data)
    Vektor_38_x                              0x20000638   Data           8  main.o(.data)
    Vektor_38_y                              0x20000640   Data           8  main.o(.data)
    Vektor_39_x                              0x20000648   Data           8  main.o(.data)
    Vektor_39_y                              0x20000650   Data           8  main.o(.data)
    Vektor_40_x                              0x20000658   Data           8  main.o(.data)
    Vektor_40_y                              0x20000660   Data           8  main.o(.data)
    Zeit                                     0x20000668   Data           8  main.o(.data)
    dif_adc_X                                0x20000670   Data           4  touchgrafik.o(.data)
    dif_adc_Y                                0x20000674   Data           4  touchgrafik.o(.data)
    ave_adc_X                                0x20000678   Data           4  touchgrafik.o(.data)
    ave_adc_Y                                0x2000067c   Data           4  touchgrafik.o(.data)
    dis_XD_Ver                               0x20000680   Data          12  touchgrafik.o(.data)
    dis_YD_Ver                               0x2000068c   Data          12  touchgrafik.o(.data)
    divider                                  0x20000698   Data           4  touchgrafik.o(.data)
    An                                       0x2000069c   Data           4  touchgrafik.o(.data)
    Bn                                       0x200006a0   Data           4  touchgrafik.o(.data)
    Cn                                       0x200006a4   Data           4  touchgrafik.o(.data)
    Dn                                       0x200006a8   Data           4  touchgrafik.o(.data)
    En                                       0x200006ac   Data           4  touchgrafik.o(.data)
    Fn                                       0x200006b0   Data           4  touchgrafik.o(.data)
    TSC_X                                    0x200006b4   Data           4  touchgrafik.o(.data)
    TSC_Y                                    0x200006b8   Data           4  touchgrafik.o(.data)
    t                                        0x200006bc   Data           4  touchgrafik.o(.data)
    ScreenDir                                0x200006c0   Data           1  touchgrafik.o(.data)
    num1                                     0x200006c1   Data           1  touchgrafik.o(.data)
    num2                                     0x200006c2   Data           1  touchgrafik.o(.data)
    num3                                     0x200006c3   Data           1  touchgrafik.o(.data)
    __libspace_start                         0x200006c4   Data          96  libspace.o(.bss)
    __temporary_stack_top$libspace           0x20000724   Data           0  libspace.o(.bss)



==============================================================================

Memory Map of the image

  Image Entry point : 0x0800022d

  Load Region LR_1 (Base: 0x08000000, Size: 0x00003844, Max: 0xffffffff, ABSOLUTE, COMPRESSED[0x000031ec])

    Execution Region ER_RO (Base: 0x08000000, Size: 0x00003180, Max: 0xffffffff, ABSOLUTE)

    Base Addr    Size         Type   Attr      Idx    E Section Name        Object

    0x08000000   0x00000150   Data   RO           87    RESET               startup_stm32f10x_cl.o
    0x08000150   0x00000008   Code   RO          400  * !!!main             c_w.l(__main.o)
    0x08000158   0x00000034   Code   RO          662    !!!scatter          c_w.l(__scatter.o)
    0x0800018c   0x0000005a   Code   RO          660    !!dczerorl2         c_w.l(__dczerorl2.o)
    0x080001e6   0x00000002   PAD
    0x080001e8   0x0000001c   Code   RO          664    !!handler_zi        c_w.l(__scatter_zi.o)
    0x08000204   0x00000002   Code   RO          532    .ARM.Collect$$libinit$$00000000  c_w.l(libinit.o)
    0x08000206   0x00000000   Code   RO          538    .ARM.Collect$$libinit$$00000002  c_w.l(libinit2.o)
    0x08000206   0x00000000   Code   RO          541    .ARM.Collect$$libinit$$00000008  c_w.l(libinit2.o)
    0x08000206   0x00000000   Code   RO          543    .ARM.Collect$$libinit$$0000000A  c_w.l(libinit2.o)
    0x08000206   0x00000000   Code   RO          545    .ARM.Collect$$libinit$$0000000C  c_w.l(libinit2.o)
    0x08000206   0x00000000   Code   RO          548    .ARM.Collect$$libinit$$0000000F  c_w.l(libinit2.o)
    0x08000206   0x00000000   Code   RO          550    .ARM.Collect$$libinit$$00000011  c_w.l(libinit2.o)
    0x08000206   0x00000000   Code   RO          552    .ARM.Collect$$libinit$$00000013  c_w.l(libinit2.o)
    0x08000206   0x00000000   Code   RO          554    .ARM.Collect$$libinit$$00000015  c_w.l(libinit2.o)
    0x08000206   0x00000000   Code   RO          556    .ARM.Collect$$libinit$$00000017  c_w.l(libinit2.o)
    0x08000206   0x00000000   Code   RO          558    .ARM.Collect$$libinit$$00000019  c_w.l(libinit2.o)
    0x08000206   0x00000000   Code   RO          560    .ARM.Collect$$libinit$$0000001B  c_w.l(libinit2.o)
    0x08000206   0x00000000   Code   RO          562    .ARM.Collect$$libinit$$0000001D  c_w.l(libinit2.o)
    0x08000206   0x00000000   Code   RO          564    .ARM.Collect$$libinit$$0000001F  c_w.l(libinit2.o)
    0x08000206   0x00000000   Code   RO          566    .ARM.Collect$$libinit$$00000021  c_w.l(libinit2.o)
    0x08000206   0x00000000   Code   RO          568    .ARM.Collect$$libinit$$00000023  c_w.l(libinit2.o)
    0x08000206   0x00000000   Code   RO          572    .ARM.Collect$$libinit$$0000002A  c_w.l(libinit2.o)
    0x08000206   0x00000000   Code   RO          574    .ARM.Collect$$libinit$$0000002C  c_w.l(libinit2.o)
    0x08000206   0x00000000   Code   RO          576    .ARM.Collect$$libinit$$0000002E  c_w.l(libinit2.o)
    0x08000206   0x00000000   Code   RO          578    .ARM.Collect$$libinit$$00000030  c_w.l(libinit2.o)
    0x08000206   0x00000002   Code   RO          579    .ARM.Collect$$libinit$$00000031  c_w.l(libinit2.o)
    0x08000208   0x00000002   Code   RO          601    .ARM.Collect$$libshutdown$$00000000  c_w.l(libshutdown.o)
    0x0800020a   0x00000000   Code   RO          615    .ARM.Collect$$libshutdown$$00000003  c_w.l(libshutdown2.o)
    0x0800020a   0x00000000   Code   RO          618    .ARM.Collect$$libshutdown$$00000006  c_w.l(libshutdown2.o)
    0x0800020a   0x00000000   Code   RO          621    .ARM.Collect$$libshutdown$$00000009  c_w.l(libshutdown2.o)
    0x0800020a   0x00000000   Code   RO          623    .ARM.Collect$$libshutdown$$0000000B  c_w.l(libshutdown2.o)
    0x0800020a   0x00000000   Code   RO          626    .ARM.Collect$$libshutdown$$0000000E  c_w.l(libshutdown2.o)
    0x0800020a   0x00000002   Code   RO          627    .ARM.Collect$$libshutdown$$0000000F  c_w.l(libshutdown2.o)
    0x0800020c   0x00000000   Code   RO          456    .ARM.Collect$$rtentry$$00000000  c_w.l(rtentry.o)
    0x0800020c   0x00000000   Code   RO          493    .ARM.Collect$$rtentry$$00000002  c_w.l(rtentry2.o)
    0x0800020c   0x00000006   Code   RO          505    .ARM.Collect$$rtentry$$00000004  c_w.l(rtentry4.o)
    0x08000212   0x00000000   Code   RO          495    .ARM.Collect$$rtentry$$00000009  c_w.l(rtentry2.o)
    0x08000212   0x00000004   Code   RO          496    .ARM.Collect$$rtentry$$0000000A  c_w.l(rtentry2.o)
    0x08000216   0x00000000   Code   RO          498    .ARM.Collect$$rtentry$$0000000C  c_w.l(rtentry2.o)
    0x08000216   0x00000008   Code   RO          499    .ARM.Collect$$rtentry$$0000000D  c_w.l(rtentry2.o)
    0x0800021e   0x00000002   Code   RO          535    .ARM.Collect$$rtexit$$00000000  c_w.l(rtexit.o)
    0x08000220   0x00000000   Code   RO          583    .ARM.Collect$$rtexit$$00000002  c_w.l(rtexit2.o)
    0x08000220   0x00000004   Code   RO          584    .ARM.Collect$$rtexit$$00000003  c_w.l(rtexit2.o)
    0x08000224   0x00000006   Code   RO          585    .ARM.Collect$$rtexit$$00000004  c_w.l(rtexit2.o)
    0x0800022a   0x00000002   PAD
    0x0800022c   0x00000040   Code   RO           88  * .text               startup_stm32f10x_cl.o
    0x0800026c   0x00000006   Code   RO          398    .text               c_w.l(heapauxi.o)
    0x08000272   0x00000016   Code   RO          457    .text               c_w.l(_rserrno.o)
    0x08000288   0x00000008   Code   RO          510    .text               c_w.l(rt_errno_addr_intlibspace.o)
    0x08000290   0x00000008   Code   RO          520    .text               c_w.l(libspace.o)
    0x08000298   0x0000004a   Code   RO          523    .text               c_w.l(sys_stackheap_outer.o)
    0x080002e2   0x0000000c   Code   RO          525    .text               c_w.l(exit.o)
    0x080002ee   0x00000002   PAD
    0x080002f0   0x0000000c   Code   RO          593    .text               c_w.l(sys_exit.o)
    0x080002fc   0x00000002   Code   RO          604    .text               c_w.l(use_no_semi.o)
    0x080002fe   0x00000000   Code   RO          606    .text               c_w.l(indicate_semi.o)
    0x080002fe   0x0000002c   Code   RO          136    i.GLCD_SetCursor    TouchP0P1.lib(touchgrafik.o)
    0x0800032a   0x00000002   PAD
    0x0800032c   0x000000a4   Code   RO          139    i.GLCD_Write_Command  TouchP0P1.lib(touchgrafik.o)
    0x080003d0   0x000000a4   Code   RO          140    i.GLCD_Write_Data   TouchP0P1.lib(touchgrafik.o)
    0x08000474   0x00000014   Code   RO          141    i.GLCD_Write_Data16  TouchP0P1.lib(touchgrafik.o)
    0x08000488   0x00000116   Code   RO          227    i.GPIO_Init         TouchP0P1.lib(stm32f10x_gpio.o)
    0x0800059e   0x00000002   PAD
    0x080005a0   0x00000090   Code   RO          229    i.GPIO_PinRemapConfig  TouchP0P1.lib(stm32f10x_gpio.o)
    0x08000630   0x00000004   Code   RO          235    i.GPIO_SetBits      TouchP0P1.lib(stm32f10x_gpio.o)
    0x08000634   0x0000000a   Code   RO          238    i.GPIO_WriteBit     TouchP0P1.lib(stm32f10x_gpio.o)
    0x0800063e   0x00000002   PAD
    0x08000640   0x0000006c   Code   RO          143    i.InitTouchScreen   TouchP0P1.lib(touchgrafik.o)
    0x080006ac   0x000001b8   Code   RO          144    i.Initial_GLCD_Hardware  TouchP0P1.lib(touchgrafik.o)
    0x08000864   0x000002e8   Code   RO          145    i.Initial_GLCD_Vertikal  TouchP0P1.lib(touchgrafik.o)
    0x08000b4c   0x000000ca   Code   RO            3    i.Linie             main.o
    0x08000c16   0x00000002   PAD
    0x08000c18   0x00000020   Code   RO          264    i.RCC_APB1PeriphClockCmd  TouchP0P1.lib(stm32f10x_rcc.o)
    0x08000c38   0x00000020   Code   RO          265    i.RCC_APB1PeriphResetCmd  TouchP0P1.lib(stm32f10x_rcc.o)
    0x08000c58   0x00000020   Code   RO          266    i.RCC_APB2PeriphClockCmd  TouchP0P1.lib(stm32f10x_rcc.o)
    0x08000c78   0x00000020   Code   RO          267    i.RCC_APB2PeriphResetCmd  TouchP0P1.lib(stm32f10x_rcc.o)
    0x08000c98   0x00000018   Code   RO          353    i.SPI_Cmd           TouchP0P1.lib(stm32f10x_spi.o)
    0x08000cb0   0x00000058   Code   RO          360    i.SPI_I2S_DeInit    TouchP0P1.lib(stm32f10x_spi.o)
    0x08000d08   0x00000012   Code   RO          361    i.SPI_I2S_GetFlagStatus  TouchP0P1.lib(stm32f10x_spi.o)
    0x08000d1a   0x00000004   Code   RO          365    i.SPI_I2S_SendData  TouchP0P1.lib(stm32f10x_spi.o)
    0x08000d1e   0x0000003c   Code   RO          366    i.SPI_Init          TouchP0P1.lib(stm32f10x_spi.o)
    0x08000d5a   0x00000008   Code   RO           94    i.SetSysClock       system_stm32f10x.o
    0x08000d62   0x00000002   PAD
    0x08000d64   0x00000118   Code   RO           95    i.SetSysClockTo72   system_stm32f10x.o
    0x08000e7c   0x0000006c   Code   RO           97    i.SystemInit        system_stm32f10x.o
    0x08000ee8   0x000005b8   Code   RO            4    i.Vektor            main.o
    0x080014a0   0x00000028   Code   RO          516    i.__ARM_fpclassify  m_ws.l(fpclassify.o)
    0x080014c8   0x00000388   Code   RO          481    i.__ieee754_rem_pio2  m_ws.l(rred.o)
    0x08001850   0x000000fc   Code   RO          478    i.__kernel_cos      m_ws.l(cos_i.o)
    0x0800194c   0x000000aa   Code   RO          518    i.__kernel_poly     m_ws.l(poly.o)
    0x080019f6   0x00000002   PAD
    0x080019f8   0x000000ec   Code   RO          486    i.__kernel_sin      m_ws.l(sin_i.o)
    0x08001ae4   0x00000010   Code   RO          514    i.__mathlib_dbl_underflow  m_ws.l(dunder.o)
    0x08001af4   0x00000016   Code   RO          153    i.clearScreen       TouchP0P1.lib(touchgrafik.o)
    0x08001b0a   0x00000002   PAD
    0x08001b0c   0x000000ac   Code   RO          441    i.cos               m_ws.l(cos.o)
    0x08001bb8   0x00000014   Code   RO            5    i.delay             main.o
    0x08001bcc   0x0000000c   Code   RO          156    i.getScreenDir      TouchP0P1.lib(touchgrafik.o)
    0x08001bd8   0x00000180   Code   RO            6    i.main              main.o
    0x08001d58   0x00000764   Code   RO            7    i.pixel             main.o
    0x080024bc   0x00000038   Code   RO          165    i.plotDot           TouchP0P1.lib(touchgrafik.o)
    0x080024f4   0x0000005e   Code   RO          166    i.plotFilledRect    TouchP0P1.lib(touchgrafik.o)
    0x08002552   0x0000000e   Code   RO            8    i.sgn               main.o
    0x08002560   0x000000b0   Code   RO          449    i.sin               m_ws.l(sin.o)
    0x08002610   0x00000150   Code   RO          402    x$fpl$dadd          fz_ws.l(daddsub_clz.o)
    0x08002760   0x00000010   Code   RO          512    x$fpl$dcheck1       fz_ws.l(dcheck1.o)
    0x08002770   0x00000018   Code   RO          459    x$fpl$dcmpinf       fz_ws.l(dcmpi.o)
    0x08002788   0x000002b0   Code   RO          462    x$fpl$ddiv          fz_ws.l(ddiv.o)
    0x08002a38   0x0000005e   Code   RO          408    x$fpl$dfix          fz_ws.l(dfix.o)
    0x08002a96   0x0000002e   Code   RO          413    x$fpl$dflt          fz_ws.l(dflt_clz.o)
    0x08002ac4   0x00000026   Code   RO          412    x$fpl$dfltu         fz_ws.l(dflt_clz.o)
    0x08002aea   0x00000002   PAD
    0x08002aec   0x00000078   Code   RO          418    x$fpl$dleqf         fz_ws.l(dleqf.o)
    0x08002b64   0x00000154   Code   RO          420    x$fpl$dmul          fz_ws.l(dmul.o)
    0x08002cb8   0x0000009c   Code   RO          465    x$fpl$dnaninf       fz_ws.l(dnaninf.o)
    0x08002d54   0x0000000c   Code   RO          467    x$fpl$dretinf       fz_ws.l(dretinf.o)
    0x08002d60   0x00000016   Code   RO          403    x$fpl$drsb          fz_ws.l(daddsub_clz.o)
    0x08002d76   0x00000002   PAD
    0x08002d78   0x000001d4   Code   RO          404    x$fpl$dsub          fz_ws.l(daddsub_clz.o)
    0x08002f4c   0x00000064   Code   RO          533    x$fpl$retnan        fz_ws.l(retnan.o)
    0x08002fb0   0x0000005c   Code   RO          475    x$fpl$scalbn        fz_ws.l(scalbn.o)
    0x0800300c   0x00000030   Code   RO          580    x$fpl$trapveneer    fz_ws.l(trapv.o)
    0x0800303c   0x00000000   Code   RO          477    x$fpl$usenofp       fz_ws.l(usenofp.o)
    0x0800303c   0x00000004   PAD
    0x08003040   0x00000030   Data   RO          479    .constdata          m_ws.l(cos_i.o)
    0x08003070   0x000000c8   Data   RO          483    .constdata          m_ws.l(rred.o)
    0x08003138   0x00000028   Data   RO          487    .constdata          m_ws.l(sin_i.o)
    0x08003160   0x00000020   Data   RO          658    Region$$Table       anon$$obj.o


    Execution Region ER_RW (Base: 0x20000000, Size: 0x000006c4, Max: 0xffffffff, ABSOLUTE, COMPRESSED[0x0000006c])

    Base Addr    Size         Type   Attr      Idx    E Section Name        Object

    0x20000000   0x00000670   Data   RW            9    .data               main.o
    0x20000670   0x00000054   Data   RW          177    .data               TouchP0P1.lib(touchgrafik.o)


    Execution Region ER_ZI (Base: 0x200006c4, Size: 0x00000664, Max: 0xffffffff, ABSOLUTE)

    Base Addr    Size         Type   Attr      Idx    E Section Name        Object

    0x200006c4   0x00000060   Zero   RW          521    .bss                c_w.l(libspace.o)
    0x20000724   0x00000004   PAD
    0x20000728   0x00000200   Zero   RW           86    HEAP                startup_stm32f10x_cl.o
    0x20000928   0x00000400   Zero   RW           85    STACK               startup_stm32f10x_cl.o


==============================================================================

Image component sizes


      Code (inc. data)   RO Data    RW Data    ZI Data      Debug   Object Name

      3976        732          0       1648          0      12741   main.o
        64         26        336          0       1536        840   startup_stm32f10x_cl.o
       396         32          0          0          0       2101   system_stm32f10x.o

    ----------------------------------------------------------------------
      4440        790        368       1648       1536      15682   Object Totals
         0          0         32          0          0          0   (incl. Generated)
         4          0          0          0          0          0   (incl. Padding)

    ----------------------------------------------------------------------

      Code (inc. data)   RO Data    RW Data    ZI Data      Debug   Library Member Name

       436          6          0          0          0        304   stm32f10x_gpio.o
       128         24          0          0          0        272   stm32f10x_rcc.o
       194         12          0          0          0        356   stm32f10x_spi.o
      1868        148          0         84          0        864   touchgrafik.o
        90          0          0          0          0          0   __dczerorl2.o
         8          0          0          0          0         68   __main.o
        52          8          0          0          0          0   __scatter.o
        28          0          0          0          0          0   __scatter_zi.o
        22          0          0          0          0        100   _rserrno.o
        12          0          0          0          0         72   exit.o
         6          0          0          0          0        152   heapauxi.o
         0          0          0          0          0          0   indicate_semi.o
         2          0          0          0          0          0   libinit.o
         2          0          0          0          0          0   libinit2.o
         2          0          0          0          0          0   libshutdown.o
         2          0          0          0          0          0   libshutdown2.o
         8          4          0          0         96         68   libspace.o
         8          4          0          0          0         68   rt_errno_addr_intlibspace.o
         0          0          0          0          0          0   rtentry.o
        12          0          0          0          0          0   rtentry2.o
         6          0          0          0          0          0   rtentry4.o
         2          0          0          0          0          0   rtexit.o
        10          0          0          0          0          0   rtexit2.o
        12          4          0          0          0         68   sys_exit.o
        74          0          0          0          0         80   sys_stackheap_outer.o
         2          0          0          0          0         68   use_no_semi.o
       826         16          0          0          0        348   daddsub_clz.o
        16          4          0          0          0         68   dcheck1.o
        24          0          0          0          0         68   dcmpi.o
       688        140          0          0          0        208   ddiv.o
        94          4          0          0          0         92   dfix.o
        84          0          0          0          0        136   dflt_clz.o
       120          4          0          0          0         92   dleqf.o
       340         12          0          0          0        104   dmul.o
       156          4          0          0          0         92   dnaninf.o
        12          0          0          0          0         68   dretinf.o
       100          0          0          0          0         68   retnan.o
        92          0          0          0          0         68   scalbn.o
        48          0          0          0          0         68   trapv.o
         0          0          0          0          0          0   usenofp.o
       172          8          0          0          0        112   cos.o
       252         22         48          0          0        124   cos_i.o
        16          6          0          0          0         68   dunder.o
        40          0          0          0          0         68   fpclassify.o
       170          0          0          0          0         96   poly.o
       904         74        200          0          0        140   rred.o
       176         10          0          0          0        116   sin.o
       236         12         40          0          0        128   sin_i.o

    ----------------------------------------------------------------------
      7576        526        288         84        100       4872   Library Totals
        24          0          0          0          4          0   (incl. Padding)

    ----------------------------------------------------------------------

      Code (inc. data)   RO Data    RW Data    ZI Data      Debug   Library Name

      2626        190          0         84          0       1796   TouchP0P1.lib
       360         20          0          0         96        744   c_w.l
      2600        184          0          0          0       1480   fz_ws.l
      1966        132        288          0          0        852   m_ws.l

    ----------------------------------------------------------------------
      7576        526        288         84        100       4872   Library Totals

    ----------------------------------------------------------------------

==============================================================================


      Code (inc. data)   RO Data    RW Data    ZI Data      Debug   

     12016       1316        656       1732       1636      17534   Grand Totals
     12016       1316        656        108       1636      17534   ELF Image Totals (compressed)
     12016       1316        656        108          0          0   ROM Totals

==============================================================================

    Total RO  Size (Code + RO Data)                12672 (  12.38kB)
    Total RW  Size (RW Data + ZI Data)              3368 (   3.29kB)
    Total ROM Size (Code + RO Data + RW Data)      12780 (  12.48kB)

==============================================================================

